Component: ARM Compiler 5.06 update 7 (build 960) Tool: armlink [4d3601]

==============================================================================

Section Cross References

    l6470.o(i.FsSpd_2_Step_s) refers to dfltui.o(.text) for __aeabi_ui2d
    l6470.o(i.FsSpd_2_Step_s) refers to dadd.o(.text) for __aeabi_dadd
    l6470.o(i.FsSpd_2_Step_s) refers to dmul.o(.text) for __aeabi_dmul
    l6470.o(i.FsSpd_2_Step_s) refers to d2f.o(.text) for __aeabi_d2f
    l6470.o(i.L6470_CheckStatusRegisterFlag) refers to l6470.o(i.L6470_GetParam) for L6470_GetParam
    l6470.o(i.L6470_CheckStatusRegisterFlag) refers to l6470.o(.data) for .data
    l6470.o(i.L6470_Config) refers to l6470.o(i.Step_s2_2_Acc) for Step_s2_2_Acc
    l6470.o(i.L6470_Config) refers to l6470.o(i.Step_s2_2_Dec) for Step_s2_2_Dec
    l6470.o(i.L6470_Config) refers to l6470.o(i.Step_s_2_MaxSpeed) for Step_s_2_MaxSpeed
    l6470.o(i.L6470_Config) refers to l6470.o(i.Step_s_2_MinSpeed) for Step_s_2_MinSpeed
    l6470.o(i.L6470_Config) refers to l6470.o(i.Step_s_2_FsSpd) for Step_s_2_FsSpd
    l6470.o(i.L6470_Config) refers to l6470.o(i.Step_s_2_IntSpeed) for Step_s_2_IntSpeed
    l6470.o(i.L6470_Config) refers to l6470.o(i.s_Step_2_StSlp) for s_Step_2_StSlp
    l6470.o(i.L6470_Config) refers to l6470.o(i.s_Step_2_FnSlpAcc) for s_Step_2_FnSlpAcc
    l6470.o(i.L6470_Config) refers to l6470.o(i.s_Step_2_FnSlpDec) for s_Step_2_FnSlpDec
    l6470.o(i.L6470_Config) refers to l6470.o(i.mA_2_OcdTh) for mA_2_OcdTh
    l6470.o(i.L6470_Config) refers to l6470.o(i.mA_2_StallTh) for mA_2_StallTh
    l6470.o(i.L6470_DaisyChainCommand) refers to stm32f4xx_hal_gpio.o(i.HAL_GPIO_WritePin) for HAL_GPIO_WritePin
    l6470.o(i.L6470_DaisyChainCommand) refers to stm32f4xx_hal_spi.o(i.HAL_SPI_TransmitReceive) for HAL_SPI_TransmitReceive
    l6470.o(i.L6470_DaisyChainCommand) refers to l6470.o(.data) for .data
    l6470.o(i.L6470_DaisyChainCommand) refers to xnucleoihm02a1.o(.bss) for L6470_nCS_GPIO
    l6470.o(i.L6470_DaisyChainCommand) refers to xnucleoihm02a1_interface.o(.bss) for hspi1
    l6470.o(i.L6470_GetParam) refers to l6470.o(i.L6470_PrepareAppCmdPkg) for L6470_PrepareAppCmdPkg
    l6470.o(i.L6470_GetParam) refers to l6470.o(i.L6470_PrepareDaisyChainCommand) for L6470_PrepareDaisyChainCommand
    l6470.o(i.L6470_GetParam) refers to l6470.o(i.L6470_DaisyChainCommand) for L6470_DaisyChainCommand
    l6470.o(i.L6470_GetParam) refers to l6470.o(i.L6470_ExtractReturnedData) for L6470_ExtractReturnedData
    l6470.o(i.L6470_GetParam) refers to l6470.o(.bss) for .bss
    l6470.o(i.L6470_GetParam) refers to l6470.o(.data) for .data
    l6470.o(i.L6470_GetParam) refers to l6470.o(.constdata) for .constdata
    l6470.o(i.L6470_GetRegisterName) refers to l6470.o(.constdata) for .constdata
    l6470.o(i.L6470_GetStatus) refers to l6470.o(i.L6470_PrepareAppCmdPkg) for L6470_PrepareAppCmdPkg
    l6470.o(i.L6470_GetStatus) refers to l6470.o(i.L6470_PrepareDaisyChainCommand) for L6470_PrepareDaisyChainCommand
    l6470.o(i.L6470_GetStatus) refers to l6470.o(i.L6470_DaisyChainCommand) for L6470_DaisyChainCommand
    l6470.o(i.L6470_GetStatus) refers to l6470.o(i.L6470_ExtractReturnedData) for L6470_ExtractReturnedData
    l6470.o(i.L6470_GetStatus) refers to l6470.o(.bss) for .bss
    l6470.o(i.L6470_GetStatus) refers to l6470.o(.data) for .data
    l6470.o(i.L6470_GoHome) refers to l6470.o(i.L6470_PrepareAppCmdPkg) for L6470_PrepareAppCmdPkg
    l6470.o(i.L6470_GoHome) refers to l6470.o(i.L6470_PrepareDaisyChainCommand) for L6470_PrepareDaisyChainCommand
    l6470.o(i.L6470_GoHome) refers to l6470.o(i.L6470_DaisyChainCommand) for L6470_DaisyChainCommand
    l6470.o(i.L6470_GoHome) refers to l6470.o(.bss) for .bss
    l6470.o(i.L6470_GoHome) refers to l6470.o(.data) for .data
    l6470.o(i.L6470_GoMark) refers to l6470.o(i.L6470_PrepareAppCmdPkg) for L6470_PrepareAppCmdPkg
    l6470.o(i.L6470_GoMark) refers to l6470.o(i.L6470_PrepareDaisyChainCommand) for L6470_PrepareDaisyChainCommand
    l6470.o(i.L6470_GoMark) refers to l6470.o(i.L6470_DaisyChainCommand) for L6470_DaisyChainCommand
    l6470.o(i.L6470_GoMark) refers to l6470.o(.bss) for .bss
    l6470.o(i.L6470_GoMark) refers to l6470.o(.data) for .data
    l6470.o(i.L6470_GoTo) refers to l6470.o(i.L6470_PrepareAppCmdPkg) for L6470_PrepareAppCmdPkg
    l6470.o(i.L6470_GoTo) refers to l6470.o(i.L6470_PrepareDaisyChainCommand) for L6470_PrepareDaisyChainCommand
    l6470.o(i.L6470_GoTo) refers to l6470.o(i.L6470_DaisyChainCommand) for L6470_DaisyChainCommand
    l6470.o(i.L6470_GoTo) refers to l6470.o(.bss) for .bss
    l6470.o(i.L6470_GoTo) refers to l6470.o(.data) for .data
    l6470.o(i.L6470_GoToDir) refers to l6470.o(i.L6470_PrepareAppCmdPkg) for L6470_PrepareAppCmdPkg
    l6470.o(i.L6470_GoToDir) refers to l6470.o(i.L6470_PrepareDaisyChainCommand) for L6470_PrepareDaisyChainCommand
    l6470.o(i.L6470_GoToDir) refers to l6470.o(i.L6470_DaisyChainCommand) for L6470_DaisyChainCommand
[...]
    i.L6470_ID                               0x08002af8   Section        0  l6470.o(i.L6470_ID)
    i.L6470_Move                             0x08002b04   Section        0  l6470.o(i.L6470_Move)
    i.L6470_PerformPreparedApplicationCommand 0x08002b34   Section        0  l6470.o(i.L6470_PerformPreparedApplicationCommand)
    i.L6470_PrepareAppCmdPkg                 0x08002b58   Section        0  l6470.o(i.L6470_PrepareAppCmdPkg)
    i.L6470_PrepareDaisyChainCommand         0x08002b90   Section        0  l6470.o(i.L6470_PrepareDaisyChainCommand)
    i.L6470_PrepareGetParam                  0x08002d48   Section        0  l6470.o(i.L6470_PrepareGetParam)
    i.L6470_PrepareGetStatus                 0x08002d60   Section        0  l6470.o(i.L6470_PrepareGetStatus)
    i.L6470_PrepareGoHome                    0x08002d78   Section        0  l6470.o(i.L6470_PrepareGoHome)
    i.L6470_PrepareGoMark                    0x08002d90   Section        0  l6470.o(i.L6470_PrepareGoMark)
    i.L6470_PrepareGoTo                      0x08002da8   Section        0  l6470.o(i.L6470_PrepareGoTo)
    i.L6470_PrepareGoToDir                   0x08002dc0   Section        0  l6470.o(i.L6470_PrepareGoToDir)
    i.L6470_PrepareGoUntil                   0x08002dd8   Section        0  l6470.o(i.L6470_PrepareGoUntil)
    i.L6470_PrepareHardHiZ                   0x08002df0   Section        0  l6470.o(i.L6470_PrepareHardHiZ)
    i.L6470_PrepareHardStop                  0x08002e08   Section        0  l6470.o(i.L6470_PrepareHardStop)
    i.L6470_PrepareMove                      0x08002e20   Section        0  l6470.o(i.L6470_PrepareMove)
    i.L6470_PrepareReleaseSW                 0x08002e38   Section        0  l6470.o(i.L6470_PrepareReleaseSW)
    i.L6470_PrepareResetDevice               0x08002e50   Section        0  l6470.o(i.L6470_PrepareResetDevice)
    i.L6470_PrepareResetPos                  0x08002e68   Section        0  l6470.o(i.L6470_PrepareResetPos)
    i.L6470_PrepareRun                       0x08002e80   Section        0  l6470.o(i.L6470_PrepareRun)
    i.L6470_PrepareSetParam                  0x08002e98   Section        0  l6470.o(i.L6470_PrepareSetParam)
    i.L6470_PrepareSoftHiZ                   0x08002eb0   Section        0  l6470.o(i.L6470_PrepareSoftHiZ)
    i.L6470_PrepareSoftStop                  0x08002ec8   Section        0  l6470.o(i.L6470_PrepareSoftStop)
    i.L6470_PrepareStepClock                 0x08002ee0   Section        0  l6470.o(i.L6470_PrepareStepClock)
    i.L6470_ReleaseSW                        0x08002ef8   Section        0  l6470.o(i.L6470_ReleaseSW)
    i.L6470_ResetAppCmdPkg                   0x08002f28   Section        0  l6470.o(i.L6470_ResetAppCmdPkg)
    i.L6470_ResetDevice                      0x08002f44   Section        0  l6470.o(i.L6470_ResetDevice)
    i.L6470_ResetPos                         0x08002f74   Section        0  l6470.o(i.L6470_ResetPos)
    i.L6470_Run                              0x08002fa4   Section        0  l6470.o(i.L6470_Run)
    i.L6470_SetParam                         0x08002fd4   Section        0  l6470.o(i.L6470_SetParam)
    i.L6470_SoftHiZ                          0x08003004   Section        0  l6470.o(i.L6470_SoftHiZ)
    i.L6470_SoftStop                         0x08003034   Section        0  l6470.o(i.L6470_SoftStop)
    i.L6470_StepClock                        0x08003064   Section        0  l6470.o(i.L6470_StepClock)
    i.MX_SPI1_Init                           0x08003094   Section        0  xnucleoihm02a1_interface.o(i.MX_SPI1_Init)
    i.MX_USART2_UART_Init                    0x08003120   Section        0  main.o(i.MX_USART2_UART_Init)
    MX_USART2_UART_Init                      0x08003121   Thumb Code    44  main.o(i.MX_USART2_UART_Init)
    i.MoveNextPoint2                         0x08003154   Section        0  main.o(i.MoveNextPoint2)
    i.NUCLEO_Board_Init                      0x080039fc   Section        0  xnucleoihm02a1_interface.o(i.NUCLEO_Board_Init)
    i.NVIC_SetPriority                       0x08003a0e   Section        0  stm32f4xx_hal_cortex.o(i.NVIC_SetPriority)
    NVIC_SetPriority                         0x08003a0f   Thumb Code    32  stm32f4xx_hal_cortex.o(i.NVIC_SetPriority)
    i.SPI_WaitOnFlagUntilTimeout             0x08003a2e   Section        0  stm32f4xx_hal_spi.o(i.SPI_WaitOnFlagUntilTimeout)
    SPI_WaitOnFlagUntilTimeout               0x08003a2f   Thumb Code   158  stm32f4xx_hal_spi.o(i.SPI_WaitOnFlagUntilTimeout)
    i.SerialPutc2                            0x08003acc   Section        0  main.o(i.SerialPutc2)
    i.SerialPuts2                            0x08003ae0   Section        0  main.o(i.SerialPuts2)
    i.Step_s2_2_Acc                          0x08003af4   Section        0  l6470.o(i.Step_s2_2_Acc)
    i.Step_s2_2_Dec                          0x08003b20   Section        0  l6470.o(i.Step_s2_2_Dec)
    i.Step_s_2_FsSpd                         0x08003b4c   Section        0  l6470.o(i.Step_s_2_FsSpd)
    i.Step_s_2_IntSpeed                      0x08003b80   Section        0  l6470.o(i.Step_s_2_IntSpeed)
    i.Step_s_2_MaxSpeed                      0x08003bac   Section        0  l6470.o(i.Step_s_2_MaxSpeed)
    i.Step_s_2_MinSpeed                      0x08003bd8   Section        0  l6470.o(i.Step_s_2_MinSpeed)
    i.SysTick_Handler                        0x08003c04   Section        0  stm32f4xx_it.o(i.SysTick_Handler)
    i.SystemClock_Config                     0x08003c14   Section        0  xnucleoihm02a1_interface.o(i.SystemClock_Config)
    i.SystemInit                             0x08003c5c   Section        0  system_stm32f4xx.o(i.SystemInit)
    i.TrajectoryPlanning                     0x08003cb0   Section        0  main.o(i.TrajectoryPlanning)
    i.UART_Receive_IT                        0x080040a8   Section        0  stm32f4xx_hal_uart.o(i.UART_Receive_IT)
    UART_Receive_IT                          0x080040a9   Thumb Code   166  stm32f4xx_hal_uart.o(i.UART_Receive_IT)
    i.UART_SetConfig                         0x08004150   Section        0  stm32f4xx_hal_uart.o(i.UART_SetConfig)
    UART_SetConfig                           0x08004151   Thumb Code   450  stm32f4xx_hal_uart.o(i.UART_SetConfig)
    i.UART_Transmit_IT                       0x0800435c   Section        0  stm32f4xx_hal_uart.o(i.UART_Transmit_IT)
    UART_Transmit_IT                         0x0800435d   Thumb Code   102  stm32f4xx_hal_uart.o(i.UART_Transmit_IT)
    i.UART_WaitOnFlagUntilTimeout            0x080043c2   Section        0  stm32f4xx_hal_uart.o(i.UART_WaitOnFlagUntilTimeout)
    UART_WaitOnFlagUntilTimeout              0x080043c3   Thumb Code   146  stm32f4xx_hal_uart.o(i.UART_WaitOnFlagUntilTimeout)
    i.USART1_IRQHandler                      0x08004454   Section        0  stm32f4xx_it.o(i.USART1_IRQHandler)
    i.USART2_IRQHandler                      0x08004460   Section        0  stm32f4xx_it.o(i.USART2_IRQHandler)
    i.USART_ITCharManager                    0x08004478   Section        0  example_usart.o(i.USART_ITCharManager)
    i.USART_Transmit                         0x080044e0   Section        0  example_usart.o(i.USART_Transmit)
    i.__0sprintf                             0x080044f8   Section        0  printfa.o(i.__0sprintf)
    i.__ARM_fpclassify                       0x08004520   Section        0  fpclassify.o(i.__ARM_fpclassify)
    i.__aeabi_errno_addr                     0x08004550   Section        0  errno.o(i.__aeabi_errno_addr)
    i.__hardfp_acos                          0x08004558   Section        0  acos.o(i.__hardfp_acos)
    i.__hardfp_atan                          0x080048b0   Section        0  atan.o(i.__hardfp_atan)
    i.__hardfp_atan2                         0x08004b88   Section        0  atan2.o(i.__hardfp_atan2)
    i.__hardfp_cos                           0x08004d88   Section        0  cos.o(i.__hardfp_cos)
    i.__hardfp_pow                           0x08004e50   Section        0  pow.o(i.__hardfp_pow)
    i.__hardfp_sin                           0x08005aa0   Section        0  sin.o(i.__hardfp_sin)
    i.__ieee754_rem_pio2                     0x08005b68   Section        0  rred.o(i.__ieee754_rem_pio2)
    i.__kernel_cos                           0x08005fa0   Section        0  cos_i.o(i.__kernel_cos)
    i.__kernel_poly                          0x08006110   Section        0  poly.o(i.__kernel_poly)
    i.__kernel_sin                           0x08006208   Section        0  sin_i.o(i.__kernel_sin)
    i.__mathlib_dbl_divzero                  0x08006338   Section        0  dunder.o(i.__mathlib_dbl_divzero)
    i.__mathlib_dbl_infnan                   0x08006368   Section        0  dunder.o(i.__mathlib_dbl_infnan)
    i.__mathlib_dbl_infnan2                  0x0800637c   Section        0  dunder.o(i.__mathlib_dbl_infnan2)
    i.__mathlib_dbl_invalid                  0x08006390   Section        0  dunder.o(i.__mathlib_dbl_invalid)
    i.__mathlib_dbl_overflow                 0x080063b0   Section        0  dunder.o(i.__mathlib_dbl_overflow)
    i.__mathlib_dbl_underflow                0x080063d0   Section        0  dunder.o(i.__mathlib_dbl_underflow)
    i.__scatterload_copy                     0x080063f0   Section       14  handlers.o(i.__scatterload_copy)
    i.__scatterload_null                     0x080063fe   Section        2  handlers.o(i.__scatterload_null)
    i.__scatterload_zeroinit                 0x08006400   Section       14  handlers.o(i.__scatterload_zeroinit)
    i.__set_errno                            0x08006410   Section        0  errno.o(i.__set_errno)
    i._fp_digits                             0x0800641c   Section        0  printfa.o(i._fp_digits)
    _fp_digits                               0x0800641d   Thumb Code   366  printfa.o(i._fp_digits)
    i._printf_core                           0x080065a0   Section        0  printfa.o(i._printf_core)
    _printf_core                             0x080065a1   Thumb Code  1704  printfa.o(i._printf_core)
    i._printf_post_padding                   0x08006c54   Section        0  printfa.o(i._printf_post_padding)
    _printf_post_padding                     0x08006c55   Thumb Code    36  printfa.o(i._printf_post_padding)
    i._printf_pre_padding                    0x08006c78   Section        0  printfa.o(i._printf_pre_padding)
    _printf_pre_padding                      0x08006c79   Thumb Code    46  printfa.o(i._printf_pre_padding)
    i._sputc                                 0x08006ca6   Section        0  printfa.o(i._sputc)
    _sputc                                   0x08006ca7   Thumb Code    10  printfa.o(i._sputc)
    i.assert_failed                          0x08006cb0   Section        0  main.o(i.assert_failed)
    i.atan                                   0x08006cb2   Section        0  atan.o(i.atan)
    i.fabs                                   0x08006cc2   Section        0  fabs.o(i.fabs)
    i.mA_2_OcdTh                             0x08006cdc   Section        0  l6470.o(i.mA_2_OcdTh)
    i.mA_2_StallTh                           0x08006d24   Section        0  l6470.o(i.mA_2_StallTh)
    i.main                                   0x08006d6c   Section        0  main.o(i.main)
    i.s_Step_2_FnSlpAcc                      0x08006e60   Section        0  l6470.o(i.s_Step_2_FnSlpAcc)
    i.s_Step_2_FnSlpDec                      0x08006e8c   Section        0  l6470.o(i.s_Step_2_FnSlpDec)
    i.s_Step_2_StSlp                         0x08006eb8   Section        0  l6470.o(i.s_Step_2_StSlp)
    i.sqrt                                   0x08006ee4   Section        0  sqrt.o(i.sqrt)
    i.which_vector                           0x08006f52   Section        0  main.o(i.which_vector)
    .constdata                               0x08006f74   Section      794  l6470.o(.constdata)
    .constdata                               0x0800728e   Section       16  stm32f4xx_hal_rcc.o(.constdata)
    .constdata                               0x0800729e   Section        6  stm32f4xx_nucleo.o(.constdata)
    .constdata                               0x080072a4   Section      704  params.o(.constdata)
    .constdata                               0x08007568   Section       80  acos.o(.constdata)
    pS                                       0x08007568   Data          48  acos.o(.constdata)
    qS                                       0x08007598   Data          32  acos.o(.constdata)
    .constdata                               0x080075b8   Section      136  pow.o(.constdata)
    bp                                       0x080075b8   Data          16  pow.o(.constdata)
    dp_h                                     0x080075c8   Data          16  pow.o(.constdata)
    dp_l                                     0x080075d8   Data          16  pow.o(.constdata)
    L                                        0x080075e8   Data          48  pow.o(.constdata)
    P                                        0x08007618   Data          40  pow.o(.constdata)
    .constdata                               0x08007640   Section      152  atan.o(.constdata)
    atanhi                                   0x08007640   Data          32  atan.o(.constdata)
    atanlo                                   0x08007660   Data          32  atan.o(.constdata)
    aTodd                                    0x08007680   Data          40  atan.o(.constdata)
    aTeven                                   0x080076a8   Data          48  atan.o(.constdata)
    .constdata                               0x080076d8   Section       48  cos_i.o(.constdata)
    C                                        0x080076d8   Data          48  cos_i.o(.constdata)
    .constdata                               0x08007708   Section        8  qnan.o(.constdata)
    .constdata                               0x08007710   Section      200  rred.o(.constdata)
    pio2s                                    0x08007710   Data          48  rred.o(.constdata)
    twooverpi                                0x08007740   Data         152  rred.o(.constdata)
    .constdata                               0x080077d8   Section       40  sin_i.o(.constdata)
    S                                        0x080077d8   Data          40  sin_i.o(.constdata)
    .constdata                               0x08007800   Section      129  ctype_o.o(.constdata)
    .constdata                               0x08007884   Section        4  ctype_o.o(.constdata)
    table                                    0x08007884   Data           4  ctype_o.o(.constdata)
    .conststring                             0x08007888   Section      454  main.o(.conststring)
    .data                                    0x20000000   Section      148  l6470.o(.data)
    .data                                    0x20000094   Section       24  l6470.o(.data)
    .data                                    0x200000ac   Section        2  l6470.o(.data)
    .data                                    0x200000b0   Section        4  stm32f4xx_hal.o(.data)
    uwTick                                   0x200000b0   Data           4  stm32f4xx_hal.o(.data)
    .data                                    0x200000b4   Section       12  stm32f4xx_nucleo.o(.data)
    .data                                    0x200000c0   Section       80  xnucleoihm02a1.o(.data)
    .data                                    0x20000110   Section      648  xnucleoihm02a1.o(.data)
    .data                                    0x20000398   Section        4  system_stm32f4xx.o(.data)
    .data                                    0x2000039c   Section        4  strtok_r.o(.data)
    state                                    0x2000039c   Data           4  strtok_r.o(.data)
    .data                                    0x200003a0   Section        4  errno.o(.data)
    _errno                                   0x200003a0   Data           4  errno.o(.data)
    .bss                                     0x200003a4   Section       32  l6470.o(.bss)
    .bss                                     0x200003c4   Section       12  xnucleoihm02a1.o(.bss)
    .bss                                     0x200003d0   Section      244  xnucleoihm02a1_interface.o(.bss)
    .bss                                     0x200004c4   Section       64  main.o(.bss)
    .bss                                     0x20000504   Section      128  main.o(.bss)
    .bss                                     0x20000584   Section       20  homing.o(.bss)
    STACK                                    0x20000598   Section     1024  startup_stm32f401xe.o(STACK)

    Global Symbols

    Symbol Name                              Value     Ov Type        Size  Object(Section)

    BuildAttributes$$THM_ISAv4$E$P$D$K$B$S$7EM$VFPi3$EXTD16$VFPS$VFMA$PE$A:L22UL41UL21$X:L11$S22US41US21$IEEE1$IW$USESV6$~STKCKD$USESV7$~SHL$OTIME$ROPI$IEEEX$EBA8$MICROLIB$REQ8$PRES8$EABIv2 0x00000000   Number         0  anon$$obj.o ABSOLUTE
    __ARM_use_no_argv                        0x00000000   Number         0  main.o ABSOLUTE
    _printf_a                                0x00000000   Number         0  stubs.o ABSOLUTE
    _printf_c                                0x00000000   Number         0  stubs.o ABSOLUTE
    _printf_charcount                        0x00000000   Number         0  stubs.o ABSOLUTE
    _printf_d                                0x00000000   Number         0  stubs.o ABSOLUTE
    _printf_e                                0x00000000   Number         0  stubs.o ABSOLUTE
    _printf_f                                0x00000000   Number         0  stubs.o ABSOLUTE
    _printf_flags                            0x00000000   Number         0  stubs.o ABSOLUTE
    _printf_fp_dec                           0x00000000   Number         0  stubs.o ABSOLUTE
    _printf_fp_hex                           0x00000000   Number         0  stubs.o ABSOLUTE
    _printf_g                                0x00000000   Number         0  stubs.o ABSOLUTE
    _printf_i                                0x00000000   Number         0  stubs.o ABSOLUTE
    _printf_int_dec                          0x00000000   Number         0  stubs.o ABSOLUTE
    _printf_l                                0x00000000   Number         0  stubs.o ABSOLUTE
    _printf_lc                               0x00000000   Number         0  stubs.o ABSOLUTE
    _printf_ll                               0x00000000   Number         0  stubs.o ABSOLUTE
    _printf_lld                              0x00000000   Number         0  stubs.o ABSOLUTE
    _printf_lli                              0x00000000   Number         0  stubs.o ABSOLUTE
    _printf_llo                              0x00000000   Number         0  stubs.o ABSOLUTE
    _printf_llu                              0x00000000   Number         0  stubs.o ABSOLUTE
    _printf_llx                              0x00000000   Number         0  stubs.o ABSOLUTE
    _printf_longlong_dec                     0x00000000   Number         0  stubs.o ABSOLUTE
    _printf_longlong_hex                     0x00000000   Number         0  stubs.o ABSOLUTE
    _printf_longlong_oct                     0x00000000   Number         0  stubs.o ABSOLUTE
    _printf_ls                               0x00000000   Number         0  stubs.o ABSOLUTE
    _printf_mbtowc                           0x00000000   Number         0  stubs.o ABSOLUTE
    _printf_n                                0x00000000   Number         0  stubs.o ABSOLUTE
    _printf_o                                0x00000000   Number         0  stubs.o ABSOLUTE
    _printf_p                                0x00000000   Number         0  stubs.o ABSOLUTE
    _printf_percent                          0x00000000   Number         0  stubs.o ABSOLUTE
    _printf_pre_padding                      0x00000000   Number         0  stubs.o ABSOLUTE
    _printf_return_value                     0x00000000   Number         0  stubs.o ABSOLUTE
    _printf_s                                0x00000000   Number         0  stubs.o ABSOLUTE
    _printf_sizespec                         0x00000000   Number         0  stubs.o ABSOLUTE
    _printf_str                              0x00000000   Number         0  stubs.o ABSOLUTE
    _printf_truncate_signed                  0x00000000   Number         0  stubs.o ABSOLUTE
    _printf_truncate_unsigned                0x00000000   Number         0  stubs.o ABSOLUTE
    _printf_u                                0x00000000   Number         0  stubs.o ABSOLUTE
    _printf_wc                               0x00000000   Number         0  stubs.o ABSOLUTE
    _printf_wctomb                           0x00000000   Number         0  stubs.o ABSOLUTE
    _printf_widthprec                        0x00000000   Number         0  stubs.o ABSOLUTE
    _printf_x                                0x00000000   Number         0  stubs.o ABSOLUTE
    __arm_fini_                               - Undefined Weak Reference
    __cpp_initialize__aeabi_                  - Undefined Weak Reference
    __cxa_finalize                            - Undefined Weak Reference
    _clock_init                               - Undefined Weak Reference
    _microlib_exit                            - Undefined Weak Reference
    __Vectors_Size                           0x00000194   Number         0  startup_stm32f401xe.o ABSOLUTE
    __Vectors                                0x08000000   Data           4  startup_stm32f401xe.o(RESET)
    __Vectors_End                            0x08000194   Data           0  startup_stm32f401xe.o(RESET)
    __main                                   0x08000195   Thumb Code     0  entry.o(.ARM.Collect$$$$00000000)
    _main_stk                                0x08000195   Thumb Code     0  entry2.o(.ARM.Collect$$$$00000001)
    _main_scatterload                        0x08000199   Thumb Code     0  entry5.o(.ARM.Collect$$$$00000004)
    __main_after_scatterload                 0x0800019d   Thumb Code     0  entry5.o(.ARM.Collect$$$$00000004)
    _main_clock                              0x0800019d   Thumb Code     0  entry7b.o(.ARM.Collect$$$$00000008)
    _main_cpp_init                           0x0800019d   Thumb Code     0  entry8b.o(.ARM.Collect$$$$0000000A)
    _main_init                               0x0800019d   Thumb Code     0  entry9a.o(.ARM.Collect$$$$0000000B)
    __rt_lib_shutdown_fini                   0x080001a5   Thumb Code     0  entry12b.o(.ARM.Collect$$$$0000000E)
    __rt_final_cpp                           0x080001a9   Thumb Code     0  entry10a.o(.ARM.Collect$$$$0000000F)
    __rt_final_exit                          0x080001a9   Thumb Code     0  entry11a.o(.ARM.Collect$$$$00000011)
    Reset_Handler                            0x080001ad   Thumb Code     8  startup_stm32f401xe.o(.text)
    NMI_Handler                              0x080001b5   Thumb Code     2  startup_stm32f401xe.o(.text)
    HardFault_Handler                        0x080001b7   Thumb Code     2  startup_stm32f401xe.o(.text)
    MemManage_Handler                        0x080001b9   Thumb Code     2  startup_stm32f401xe.o(.text)
    BusFault_Handler                         0x080001bb   Thumb Code     2  startup_stm32f401xe.o(.text)
    UsageFault_Handler                       0x080001bd   Thumb Code     2  startup_stm32f401xe.o(.text)
    SVC_Handler                              0x080001bf   Thumb Code     2  startup_stm32f401xe.o(.text)
    DebugMon_Handler                         0x080001c1   Thumb Code     2  startup_stm32f401xe.o(.text)
    PendSV_Handler                           0x080001c3   Thumb Code     2  startup_stm32f401xe.o(.text)
    ADC_IRQHandler                           0x080001c7   Thumb Code     0  startup_stm32f401xe.o(.text)
    DMA1_Stream0_IRQHandler                  0x080001c7   Thumb Code     0  startup_stm32f401xe.o(.text)
    DMA1_Stream1_IRQHandler                  0x080001c7   Thumb Code     0  startup_stm32f401xe.o(.text)
    DMA1_Stream2_IRQHandler                  0x080001c7   Thumb Code     0  startup_stm32f401xe.o(.text)
    DMA1_Stream3_IRQHandler                  0x080001c7   Thumb Code     0  startup_stm32f401xe.o(.text)
    DMA1_Stream4_IRQHandler                  0x080001c7   Thumb Code     0  startup_stm32f401xe.o(.text)
    DMA1_Stream5_IRQHandler                  0x080001c7   Thumb Code     0  startup_stm32f401xe.o(.text)
    DMA1_Stream6_IRQHandler                  0x080001c7   Thumb Code     0  startup_stm32f401xe.o(.text)
    DMA1_Stream7_IRQHandler                  0x080001c7   Thumb Code     0  startup_stm32f401xe.o(.text)
    DMA2_Stream0_IRQHandler                  0x080001c7   Thumb Code     0  startup_stm32f401xe.o(.text)
    DMA2_Stream1_IRQHandler                  0x080001c7   Thumb Code     0  startup_stm32f401xe.o(.text)
    DMA2_Stream2_IRQHandler                  0x080001c7   Thumb Code     0  startup_stm32f401xe.o(.text)
    DMA2_Stream3_IRQHandler                  0x080001c7   Thumb Code     0  startup_stm32f401xe.o(.text)
    DMA2_Stream4_IRQHandler                  0x080001c7   Thumb Code     0  startup_stm32f401xe.o(.text)
    DMA2_Stream5_IRQHandler                  0x080001c7   Thumb Code     0  startup_stm32f401xe.o(.text)
    DMA2_Stream6_IRQHandler                  0x080001c7   Thumb Code     0  startup_stm32f401xe.o(.text)
    DMA2_Stream7_IRQHandler                  0x080001c7   Thumb Code     0  startup_stm32f401xe.o(.text)
    EXTI2_IRQHandler                         0x080001c7   Thumb Code     0  startup_stm32f401xe.o(.text)
    EXTI3_IRQHandler                         0x080001c7   Thumb Code     0  startup_stm32f401xe.o(.text)
    EXTI9_5_IRQHandler                       0x080001c7   Thumb Code     0  startup_stm32f401xe.o(.text)
    FLASH_IRQHandler                         0x080001c7   Thumb Code     0  startup_stm32f401xe.o(.text)
    FPU_IRQHandler                           0x080001c7   Thumb Code     0  startup_stm32f401xe.o(.text)
    I2C1_ER_IRQHandler                       0x080001c7   Thumb Code     0  startup_stm32f401xe.o(.text)
    I2C1_EV_IRQHandler                       0x080001c7   Thumb Code     0  startup_stm32f401xe.o(.text)
    I2C2_ER_IRQHandler                       0x080001c7   Thumb Code     0  startup_stm32f401xe.o(.text)
    I2C2_EV_IRQHandler                       0x080001c7   Thumb Code     0  startup_stm32f401xe.o(.text)
    I2C3_ER_IRQHandler                       0x080001c7   Thumb Code     0  startup_stm32f401xe.o(.text)
    I2C3_EV_IRQHandler                       0x080001c7   Thumb Code     0  startup_stm32f401xe.o(.text)
    OTG_FS_IRQHandler                        0x080001c7   Thumb Code     0  startup_stm32f401xe.o(.text)
    OTG_FS_WKUP_IRQHandler                   0x080001c7   Thumb Code     0  startup_stm32f401xe.o(.text)
    PVD_IRQHandler                           0x080001c7   Thumb Code     0  startup_stm32f401xe.o(.text)
    RCC_IRQHandler                           0x080001c7   Thumb Code     0  startup_stm32f401xe.o(.text)
    RTC_Alarm_IRQHandler                     0x080001c7   Thumb Code     0  startup_stm32f401xe.o(.text)
    RTC_WKUP_IRQHandler                      0x080001c7   Thumb Code     0  startup_stm32f401xe.o(.text)
    SDIO_IRQHandler                          0x080001c7   Thumb Code     0  startup_stm32f401xe.o(.text)
    SPI1_IRQHandler                          0x080001c7   Thumb Code     0  startup_stm32f401xe.o(.text)
    SPI2_IRQHandler                          0x080001c7   Thumb Code     0  startup_stm32f401xe.o(.text)
    SPI3_IRQHandler                          0x080001c7   Thumb Code     0  startup_stm32f401xe.o(.text)
    SPI4_IRQHandler                          0x080001c7   Thumb Code     0  startup_stm32f401xe.o(.text)
    TAMP_STAMP_IRQHandler                    0x080001c7   Thumb Code     0  startup_stm32f401xe.o(.text)
    TIM1_BRK_TIM9_IRQHandler                 0x080001c7   Thumb Code     0  startup_stm32f401xe.o(.text)
    TIM1_CC_IRQHandler                       0x080001c7   Thumb Code     0  startup_stm32f401xe.o(.text)
    TIM1_TRG_COM_TIM11_IRQHandler            0x080001c7   Thumb Code     0  startup_stm32f401xe.o(.text)
    TIM1_UP_TIM10_IRQHandler                 0x080001c7   Thumb Code     0  startup_stm32f401xe.o(.text)
    TIM2_IRQHandler                          0x080001c7   Thumb Code     0  startup_stm32f401xe.o(.text)
    TIM3_IRQHandler                          0x080001c7   Thumb Code     0  startup_stm32f401xe.o(.text)
    TIM4_IRQHandler                          0x080001c7   Thumb Code     0  startup_stm32f401xe.o(.text)
    TIM5_IRQHandler                          0x080001c7   Thumb Code     0  startup_stm32f401xe.o(.text)
    USART6_IRQHandler                        0x080001c7   Thumb Code     0  startup_stm32f401xe.o(.text)
    WWDG_IRQHandler                          0x080001c7   Thumb Code     0  startup_stm32f401xe.o(.text)
    __aeabi_memset                           0x080001d1   Thumb Code    14  memseta.o(.text)
    __aeabi_memset4                          0x080001d1   Thumb Code     0  memseta.o(.text)
    __aeabi_memset8                          0x080001d1   Thumb Code     0  memseta.o(.text)
    __aeabi_memclr                           0x080001df   Thumb Code     4  memseta.o(.text)
    __aeabi_memclr4                          0x080001df   Thumb Code     0  memseta.o(.text)
    __aeabi_memclr8                          0x080001df   Thumb Code     0  memseta.o(.text)
    _memset$wrapper                          0x080001e3   Thumb Code    18  memseta.o(.text)
    strtok_r                                 0x080001f5   Thumb Code    60  strtok_r.o(.text)
    _strtok$wrapper                          0x08000231   Thumb Code     4  strtok_r.o(.text)
    atoi                                     0x08000239   Thumb Code    26  atoi.o(.text)
    __aeabi_dadd                             0x08000253   Thumb Code   322  dadd.o(.text)
    __aeabi_dsub                             0x08000395   Thumb Code     6  dadd.o(.text)
    __aeabi_drsub                            0x0800039b   Thumb Code     6  dadd.o(.text)
    __aeabi_dmul                             0x080003a1   Thumb Code   228  dmul.o(.text)
    __aeabi_ddiv                             0x08000485   Thumb Code   222  ddiv.o(.text)
    __aeabi_ui2d                             0x08000563   Thumb Code    26  dfltui.o(.text)
    __aeabi_d2uiz                            0x0800057d   Thumb Code    50  dfixui.o(.text)
    __aeabi_f2d                              0x080005af   Thumb Code    38  f2d.o(.text)
    __aeabi_cdcmpeq                          0x080005d5   Thumb Code     0  cdcmple.o(.text)
    __aeabi_cdcmple                          0x080005d5   Thumb Code    48  cdcmple.o(.text)
    __aeabi_d2f                              0x08000605   Thumb Code    56  d2f.o(.text)
    __aeabi_uidiv                            0x0800063d   Thumb Code     0  uidiv.o(.text)
    __aeabi_uidivmod                         0x0800063d   Thumb Code    44  uidiv.o(.text)
    __aeabi_uldivmod                         0x08000669   Thumb Code    98  uldiv.o(.text)
    __aeabi_llsl                             0x080006cb   Thumb Code    30  llshl.o(.text)
    _ll_shift_l                              0x080006cb   Thumb Code     0  llshl.o(.text)
    __aeabi_llsr                             0x080006e9   Thumb Code    32  llushr.o(.text)
    _ll_ushift_r                             0x080006e9   Thumb Code     0  llushr.o(.text)
    __aeabi_lasr                             0x08000709   Thumb Code    36  llsshr.o(.text)
    _ll_sshift_r                             0x08000709   Thumb Code     0  llsshr.o(.text)
    strtol                                   0x0800072d   Thumb Code   112  strtol.o(.text)
    __I$use$fp                               0x0800079d   Thumb Code     0  iusefp.o(.text)
    _float_round                             0x0800079d   Thumb Code    18  fepilogue.o(.text)
    _float_epilogue                          0x080007af   Thumb Code    92  fepilogue.o(.text)
    _double_round                            0x0800080b   Thumb Code    30  depilogue.o(.text)
    _double_epilogue                         0x08000829   Thumb Code   156  depilogue.o(.text)
    __ARM_scalbn                             0x080008c5   Thumb Code    46  dscalb.o(.text)
    scalbn                                   0x080008c5   Thumb Code     0  dscalb.o(.text)
    __aeabi_i2d                              0x080008f3   Thumb Code    34  dflti.o(.text)
    __aeabi_d2ulz                            0x08000915   Thumb Code    48  dfixul.o(.text)
    __aeabi_cdrcmple                         0x08000945   Thumb Code    48  cdrcmple.o(.text)
    __scatterload                            0x08000975   Thumb Code    28  init.o(.text)
    __scatterload_rt2                        0x08000975   Thumb Code     0  init.o(.text)
    __rt_ctype_table                         0x08000999   Thumb Code     4  ctype_o.o(.text)
    _strtoul                                 0x080009a1   Thumb Code   158  _strtoul.o(.text)
    _dsqrt                                   0x08000a3f   Thumb Code   162  dsqrt.o(.text)
    __aeabi_d2iz                             0x08000ae1   Thumb Code    62  dfixi.o(.text)
    _chval                                   0x08000b1f   Thumb Code    28  _chval.o(.text)
    __decompress                             0x08000b3b   Thumb Code     0  __dczerorl2.o(.text)
    __decompress1                            0x08000b3b   Thumb Code    86  __dczerorl2.o(.text)
    BSP_0_Config                             0x08000b91   Thumb Code     8  xnucleoihm02a1.o(i.BSP_0_Config)
    BSP_1_Config                             0x08000b9d   Thumb Code     8  xnucleoihm02a1.o(i.BSP_1_Config)
    BSP_2_Config                             0x08000ba9   Thumb Code     8  xnucleoihm02a1.o(i.BSP_2_Config)
    BSP_3_Config                             0x08000bb5   Thumb Code     8  xnucleoihm02a1.o(i.BSP_3_Config)
    BSP_Config                               0x08000bc1   Thumb Code    34  xnucleoihm02a1.o(i.BSP_Config)
    BSP_GetExpansionBoardHandle              0x08000be5   Thumb Code    70  xnucleoihm02a1.o(i.BSP_GetExpansionBoardHandle)
    BSP_IRQ                                  0x08000c31   Thumb Code    38  xnucleoihm02a1.o(i.BSP_IRQ)
    BSP_Init                                 0x08000c57   Thumb Code    30  xnucleoihm02a1.o(i.BSP_Init)
    BSP_L6470_0_0_Config                     0x08000c75   Thumb Code     8  xnucleoihm02a1.o(i.BSP_L6470_0_0_Config)
    BSP_L6470_0_1_Config                     0x08000c81   Thumb Code     8  xnucleoihm02a1.o(i.BSP_L6470_0_1_Config)
    BSP_L6470_1_0_Config                     0x08000c8d   Thumb Code     8  xnucleoihm02a1.o(i.BSP_L6470_1_0_Config)
    BSP_L6470_1_1_Config                     0x08000c99   Thumb Code     8  xnucleoihm02a1.o(i.BSP_L6470_1_1_Config)
    BSP_L6470_2_0_Config                     0x08000ca5   Thumb Code     8  xnucleoihm02a1.o(i.BSP_L6470_2_0_Config)
    BSP_L6470_2_1_Config                     0x08000cb1   Thumb Code     8  xnucleoihm02a1.o(i.BSP_L6470_2_1_Config)
    BSP_L6470_3_0_Config                     0x08000cbd   Thumb Code     8  xnucleoihm02a1.o(i.BSP_L6470_3_0_Config)
    BSP_L6470_3_1_Config                     0x08000cc9   Thumb Code     8  xnucleoihm02a1.o(i.BSP_L6470_3_1_Config)
    BSP_L6470_CheckStatusRegisterFlag        0x08000cd5   Thumb Code    28  xnucleoihm02a1.o(i.BSP_L6470_CheckStatusRegisterFlag)
    BSP_L6470_GetParam                       0x08000cf1   Thumb Code    28  xnucleoihm02a1.o(i.BSP_L6470_GetParam)
    BSP_L6470_GetStatus                      0x08000d0d   Thumb Code    24  xnucleoihm02a1.o(i.BSP_L6470_GetStatus)
    BSP_L6470_GoHome                         0x08000d25   Thumb Code    24  xnucleoihm02a1.o(i.BSP_L6470_GoHome)
    BSP_L6470_GoMark                         0x08000d3d   Thumb Code    24  xnucleoihm02a1.o(i.BSP_L6470_GoMark)
    BSP_L6470_GoTo                           0x08000d55   Thumb Code    28  xnucleoihm02a1.o(i.BSP_L6470_GoTo)
    BSP_L6470_GoToDir                        0x08000d71   Thumb Code    32  xnucleoihm02a1.o(i.BSP_L6470_GoToDir)
    BSP_L6470_GoUntil                        0x08000d91   Thumb Code    40  xnucleoihm02a1.o(i.BSP_L6470_GoUntil)
    BSP_L6470_HardHiZ                        0x08000db9   Thumb Code    24  xnucleoihm02a1.o(i.BSP_L6470_HardHiZ)
    BSP_L6470_HardStop                       0x08000dd1   Thumb Code    24  xnucleoihm02a1.o(i.BSP_L6470_HardStop)
    BSP_L6470_Init                           0x08000de9   Thumb Code   116  xnucleoihm02a1.o(i.BSP_L6470_Init)
    BSP_L6470_Move                           0x08000e65   Thumb Code    32  xnucleoihm02a1.o(i.BSP_L6470_Move)
    BSP_L6470_ReleaseSW                      0x08000e85   Thumb Code    32  xnucleoihm02a1.o(i.BSP_L6470_ReleaseSW)
    BSP_L6470_ResetDevice                    0x08000ea5   Thumb Code    24  xnucleoihm02a1.o(i.BSP_L6470_ResetDevice)
    BSP_L6470_ResetPos                       0x08000ebd   Thumb Code    24  xnucleoihm02a1.o(i.BSP_L6470_ResetPos)
    BSP_L6470_Run                            0x08000ed5   Thumb Code    32  xnucleoihm02a1.o(i.BSP_L6470_Run)
    BSP_L6470_SetParam                       0x08000ef5   Thumb Code    32  xnucleoihm02a1.o(i.BSP_L6470_SetParam)
    BSP_L6470_SoftHiZ                        0x08000f15   Thumb Code    24  xnucleoihm02a1.o(i.BSP_L6470_SoftHiZ)
    BSP_L6470_SoftStop                       0x08000f2d   Thumb Code    24  xnucleoihm02a1.o(i.BSP_L6470_SoftStop)
    BSP_L6470_StepClock                      0x08000f45   Thumb Code    28  xnucleoihm02a1.o(i.BSP_L6470_StepClock)
    BSP_LED_On                               0x08000f61   Thumb Code    18  stm32f4xx_nucleo.o(i.BSP_LED_On)
    BSP_NUCLEO_GPIO_Init                     0x08000f7d   Thumb Code   196  xnucleoihm02a1.o(i.BSP_NUCLEO_GPIO_Init)
    BSP_Select                               0x0800104d   Thumb Code    38  xnucleoihm02a1.o(i.BSP_Select)
    EXPBRD_ID                                0x0800107d   Thumb Code     8  xnucleoihm02a1.o(i.EXPBRD_ID)
    EXTI0_IRQHandler                         0x08001085   Thumb Code     6  stm32f4xx_it.o(i.EXTI0_IRQHandler)
    EXTI15_10_IRQHandler                     0x0800108b   Thumb Code     8  stm32f4xx_it.o(i.EXTI15_10_IRQHandler)
    EXTI1_IRQHandler                         0x08001093   Thumb Code     6  stm32f4xx_it.o(i.EXTI1_IRQHandler)
    EXTI4_IRQHandler                         0x08001099   Thumb Code    32  stm32f4xx_it.o(i.EXTI4_IRQHandler)
    GetMotorParameterInitData                0x080010c5   Thumb Code     4  params.o(i.GetMotorParameterInitData)
    HAL_GPIO_EXTI_Callback                   0x080010cd   Thumb Code     2  stm32f4xx_hal_gpio.o(i.HAL_GPIO_EXTI_Callback)
    HAL_GPIO_EXTI_IRQHandler                 0x080010d1   Thumb Code    18  stm32f4xx_hal_gpio.o(i.HAL_GPIO_EXTI_IRQHandler)
    HAL_GPIO_Init                            0x080010e9   Thumb Code   582  stm32f4xx_hal_gpio.o(i.HAL_GPIO_Init)
    HAL_GPIO_ReadPin                         0x080013a9   Thumb Code    28  stm32f4xx_hal_gpio.o(i.HAL_GPIO_ReadPin)
    HAL_GPIO_WritePin                        0x08001401   Thumb Code    46  stm32f4xx_hal_gpio.o(i.HAL_GPIO_WritePin)
    HAL_GetTick                              0x0800146d   Thumb Code     6  stm32f4xx_hal.o(i.HAL_GetTick)
    HAL_IncTick                              0x08001479   Thumb Code    10  stm32f4xx_hal.o(i.HAL_IncTick)
    HAL_Init                                 0x08001489   Thumb Code    48  stm32f4xx_hal.o(i.HAL_Init)
    HAL_InitTick                             0x080014bd   Thumb Code    34  stm32f4xx_hal.o(i.HAL_InitTick)
    HAL_MspInit                              0x080014df   Thumb Code    22  stm32f4xx_hal_msp.o(i.HAL_MspInit)
    HAL_NVIC_DisableIRQ                      0x080014f5   Thumb Code    36  stm32f4xx_hal_cortex.o(i.HAL_NVIC_DisableIRQ)
    HAL_NVIC_EnableIRQ                       0x08001559   Thumb Code    36  stm32f4xx_hal_cortex.o(i.HAL_NVIC_EnableIRQ)
    HAL_NVIC_SetPriority                     0x080015bd   Thumb Code    92  stm32f4xx_hal_cortex.o(i.HAL_NVIC_SetPriority)
    HAL_NVIC_SetPriorityGrouping             0x0800165d   Thumb Code    58  stm32f4xx_hal_cortex.o(i.HAL_NVIC_SetPriorityGrouping)
    HAL_RCC_GetHCLKFreq                      0x080016e1   Thumb Code    38  stm32f4xx_hal_rcc.o(i.HAL_RCC_GetHCLKFreq)
    HAL_RCC_GetPCLK1Freq                     0x08001715   Thumb Code    36  stm32f4xx_hal_rcc.o(i.HAL_RCC_GetPCLK1Freq)
    HAL_RCC_GetPCLK2Freq                     0x08001741   Thumb Code    36  stm32f4xx_hal_rcc.o(i.HAL_RCC_GetPCLK2Freq)
    HAL_RCC_GetSysClockFreq                  0x0800176d   Thumb Code   104  stm32f4xx_hal_rcc.o(i.HAL_RCC_GetSysClockFreq)
    HAL_SPI_Init                             0x080017dd   Thumb Code   360  stm32f4xx_hal_spi.o(i.HAL_SPI_Init)
    HAL_SPI_MspInit                          0x08001981   Thumb Code   172  stm32f4xx_hal_msp.o(i.HAL_SPI_MspInit)
    HAL_SPI_TransmitReceive                  0x08001a41   Thumb Code   708  stm32f4xx_hal_spi.o(i.HAL_SPI_TransmitReceive)
    HAL_SYSTICK_Callback                     0x08001d41   Thumb Code     2  stm32f4xx_hal_cortex.o(i.HAL_SYSTICK_Callback)
    HAL_SYSTICK_Config                       0x08001d43   Thumb Code    40  stm32f4xx_hal_cortex.o(i.HAL_SYSTICK_Config)
    HAL_SYSTICK_IRQHandler                   0x08001d6b   Thumb Code     8  stm32f4xx_hal_cortex.o(i.HAL_SYSTICK_IRQHandler)
    HAL_UART_ErrorCallback                   0x08001d73   Thumb Code     2  stm32f4xx_hal_uart.o(i.HAL_UART_ErrorCallback)
    HAL_UART_IRQHandler                      0x08001d75   Thumb Code   264  stm32f4xx_hal_uart.o(i.HAL_UART_IRQHandler)
    HAL_UART_Init                            0x08001e7d   Thumb Code   216  stm32f4xx_hal_uart.o(i.HAL_UART_Init)
    HAL_UART_MspInit                         0x08001f9d   Thumb Code   188  stm32f4xx_hal_msp.o(i.HAL_UART_MspInit)
    HAL_UART_Receive                         0x0800206d   Thumb Code   166  stm32f4xx_hal_uart.o(i.HAL_UART_Receive)
    HAL_UART_RxCpltCallback                  0x08002113   Thumb Code     2  stm32f4xx_hal_uart.o(i.HAL_UART_RxCpltCallback)
    HAL_UART_Transmit                        0x08002115   Thumb Code   200  stm32f4xx_hal_uart.o(i.HAL_UART_Transmit)
    HAL_UART_TxCpltCallback                  0x080021dd   Thumb Code     2  stm32f4xx_hal_uart.o(i.HAL_UART_TxCpltCallback)
    Home_Arm                                 0x080021e1   Thumb Code   950  homing.o(i.Home_Arm)
    L6470_CheckStatusRegisterFlag            0x080025c9   Thumb Code   134  l6470.o(i.L6470_CheckStatusRegisterFlag)
    L6470_Config                             0x08002655   Thumb Code   522  l6470.o(i.L6470_Config)
    L6470_DaisyChainCommand                  0x08002865   Thumb Code   100  l6470.o(i.L6470_DaisyChainCommand)
    L6470_ExtractReturnedData                0x080028d5   Thumb Code    32  l6470.o(i.L6470_ExtractReturnedData)
    L6470_FillAppCmdPkg                      0x080028f5   Thumb Code    20  l6470.o(i.L6470_FillAppCmdPkg)
    L6470_GetParam                           0x08002909   Thumb Code    68  l6470.o(i.L6470_GetParam)
    L6470_GetStatus                          0x08002959   Thumb Code    54  l6470.o(i.L6470_GetStatus)
    L6470_GoHome                             0x08002999   Thumb Code    40  l6470.o(i.L6470_GoHome)
    L6470_GoMark                             0x080029c9   Thumb Code    40  l6470.o(i.L6470_GoMark)
    L6470_GoTo                               0x080029f9   Thumb Code    48  l6470.o(i.L6470_GoTo)
    L6470_GoToDir                            0x08002a31   Thumb Code    48  l6470.o(i.L6470_GoToDir)
    L6470_GoUntil                            0x08002a69   Thumb Code    38  l6470.o(i.L6470_GoUntil)
    L6470_HardHiZ                            0x08002a99   Thumb Code    40  l6470.o(i.L6470_HardHiZ)
    L6470_HardStop                           0x08002ac9   Thumb Code    40  l6470.o(i.L6470_HardStop)
    L6470_ID                                 0x08002af9   Thumb Code    12  l6470.o(i.L6470_ID)
    L6470_Move                               0x08002b05   Thumb Code    40  l6470.o(i.L6470_Move)
    L6470_PerformPreparedApplicationCommand  0x08002b35   Thumb Code    26  l6470.o(i.L6470_PerformPreparedApplicationCommand)
    L6470_PrepareAppCmdPkg                   0x08002b59   Thumb Code    52  l6470.o(i.L6470_PrepareAppCmdPkg)
    L6470_PrepareDaisyChainCommand           0x08002b91   Thumb Code   436  l6470.o(i.L6470_PrepareDaisyChainCommand)
    L6470_PrepareGetParam                    0x08002d49   Thumb Code    20  l6470.o(i.L6470_PrepareGetParam)
    L6470_PrepareGetStatus                   0x08002d61   Thumb Code    20  l6470.o(i.L6470_PrepareGetStatus)
    L6470_PrepareGoHome                      0x08002d79   Thumb Code    20  l6470.o(i.L6470_PrepareGoHome)
    L6470_PrepareGoMark                      0x08002d91   Thumb Code    20  l6470.o(i.L6470_PrepareGoMark)
    L6470_PrepareGoTo                        0x08002da9   Thumb Code    20  l6470.o(i.L6470_PrepareGoTo)
    L6470_PrepareGoToDir                     0x08002dc1   Thumb Code    20  l6470.o(i.L6470_PrepareGoToDir)
    L6470_PrepareGoUntil                     0x08002dd9   Thumb Code    18  l6470.o(i.L6470_PrepareGoUntil)
    L6470_PrepareHardHiZ                     0x08002df1   Thumb Code    20  l6470.o(i.L6470_PrepareHardHiZ)
    L6470_PrepareHardStop                    0x08002e09   Thumb Code    20  l6470.o(i.L6470_PrepareHardStop)
    L6470_PrepareMove                        0x08002e21   Thumb Code    20  l6470.o(i.L6470_PrepareMove)
    L6470_PrepareReleaseSW                   0x08002e39   Thumb Code    20  l6470.o(i.L6470_PrepareReleaseSW)
    L6470_PrepareResetDevice                 0x08002e51   Thumb Code    20  l6470.o(i.L6470_PrepareResetDevice)
    L6470_PrepareResetPos                    0x08002e69   Thumb Code    20  l6470.o(i.L6470_PrepareResetPos)
    L6470_PrepareRun                         0x08002e81   Thumb Code    20  l6470.o(i.L6470_PrepareRun)
    L6470_PrepareSetParam                    0x08002e99   Thumb Code    20  l6470.o(i.L6470_PrepareSetParam)
    L6470_PrepareSoftHiZ                     0x08002eb1   Thumb Code    20  l6470.o(i.L6470_PrepareSoftHiZ)
    L6470_PrepareSoftStop                    0x08002ec9   Thumb Code    20  l6470.o(i.L6470_PrepareSoftStop)
    L6470_PrepareStepClock                   0x08002ee1   Thumb Code    20  l6470.o(i.L6470_PrepareStepClock)
    L6470_ReleaseSW                          0x08002ef9   Thumb Code    40  l6470.o(i.L6470_ReleaseSW)
    L6470_ResetAppCmdPkg                     0x08002f29   Thumb Code    26  l6470.o(i.L6470_ResetAppCmdPkg)
    L6470_ResetDevice                        0x08002f45   Thumb Code    40  l6470.o(i.L6470_ResetDevice)
    L6470_ResetPos                           0x08002f75   Thumb Code    40  l6470.o(i.L6470_ResetPos)
    L6470_Run                                0x08002fa5   Thumb Code    40  l6470.o(i.L6470_Run)
    L6470_SetParam                           0x08002fd5   Thumb Code    40  l6470.o(i.L6470_SetParam)
    L6470_SoftHiZ                            0x08003005   Thumb Code    40  l6470.o(i.L6470_SoftHiZ)
    L6470_SoftStop                           0x08003035   Thumb Code    40  l6470.o(i.L6470_SoftStop)
    L6470_StepClock                          0x08003065   Thumb Code    40  l6470.o(i.L6470_StepClock)
    MX_SPI1_Init                             0x08003095   Thumb Code   126  xnucleoihm02a1_interface.o(i.MX_SPI1_Init)
    MoveNextPoint2                           0x08003155   Thumb Code  2216  main.o(i.MoveNextPoint2)
    NUCLEO_Board_Init                        0x080039fd   Thumb Code    18  xnucleoihm02a1_interface.o(i.NUCLEO_Board_Init)
    SerialPutc2                              0x08003acd   Thumb Code    14  main.o(i.SerialPutc2)
    SerialPuts2                              0x08003ae1   Thumb Code    20  main.o(i.SerialPuts2)
    Step_s2_2_Acc                            0x08003af5   Thumb Code    34  l6470.o(i.Step_s2_2_Acc)
    Step_s2_2_Dec                            0x08003b21   Thumb Code    34  l6470.o(i.Step_s2_2_Dec)
    Step_s_2_FsSpd                           0x08003b4d   Thumb Code    42  l6470.o(i.Step_s_2_FsSpd)
    Step_s_2_IntSpeed                        0x08003b81   Thumb Code    34  l6470.o(i.Step_s_2_IntSpeed)
    Step_s_2_MaxSpeed                        0x08003bad   Thumb Code    34  l6470.o(i.Step_s_2_MaxSpeed)
    Step_s_2_MinSpeed                        0x08003bd9   Thumb Code    34  l6470.o(i.Step_s_2_MinSpeed)
    SysTick_Handler                          0x08003c05   Thumb Code    14  stm32f4xx_it.o(i.SysTick_Handler)
    SystemClock_Config                       0x08003c15   Thumb Code    64  xnucleoihm02a1_interface.o(i.SystemClock_Config)
    SystemInit                               0x08003c5d   Thumb Code    66  system_stm32f4xx.o(i.SystemInit)
    TrajectoryPlanning                       0x08003cb1   Thumb Code   620  main.o(i.TrajectoryPlanning)
    USART1_IRQHandler                        0x08004455   Thumb Code     6  stm32f4xx_it.o(i.USART1_IRQHandler)
    USART2_IRQHandler                        0x08004461   Thumb Code    18  stm32f4xx_it.o(i.USART2_IRQHandler)
    USART_ITCharManager                      0x08004479   Thumb Code    98  example_usart.o(i.USART_ITCharManager)
    USART_Transmit                           0x080044e1   Thumb Code    22  example_usart.o(i.USART_Transmit)
    __0sprintf                               0x080044f9   Thumb Code    34  printfa.o(i.__0sprintf)
    __1sprintf                               0x080044f9   Thumb Code     0  printfa.o(i.__0sprintf)
    __2sprintf                               0x080044f9   Thumb Code     0  printfa.o(i.__0sprintf)
    __c89sprintf                             0x080044f9   Thumb Code     0  printfa.o(i.__0sprintf)
    sprintf                                  0x080044f9   Thumb Code     0  printfa.o(i.__0sprintf)
    __ARM_fpclassify                         0x08004521   Thumb Code    48  fpclassify.o(i.__ARM_fpclassify)
    __aeabi_errno_addr                       0x08004551   Thumb Code     4  errno.o(i.__aeabi_errno_addr)
    __rt_errno_addr                          0x08004551   Thumb Code     0  errno.o(i.__aeabi_errno_addr)
    __hardfp_acos                            0x08004559   Thumb Code   738  acos.o(i.__hardfp_acos)
    __hardfp_atan                            0x080048b1   Thumb Code   622  atan.o(i.__hardfp_atan)
    __hardfp_atan2                           0x08004b89   Thumb Code   448  atan2.o(i.__hardfp_atan2)
    __hardfp_cos                             0x08004d89   Thumb Code   180  cos.o(i.__hardfp_cos)
    __hardfp_pow                             0x08004e51   Thumb Code  3072  pow.o(i.__hardfp_pow)
    __hardfp_sin                             0x08005aa1   Thumb Code   180  sin.o(i.__hardfp_sin)
    __ieee754_rem_pio2                       0x08005b69   Thumb Code   938  rred.o(i.__ieee754_rem_pio2)
    __kernel_cos                             0x08005fa1   Thumb Code   322  cos_i.o(i.__kernel_cos)
    __kernel_poly                            0x08006111   Thumb Code   248  poly.o(i.__kernel_poly)
    __kernel_sin                             0x08006209   Thumb Code   280  sin_i.o(i.__kernel_sin)
    __mathlib_dbl_divzero                    0x08006339   Thumb Code    28  dunder.o(i.__mathlib_dbl_divzero)
    __mathlib_dbl_infnan                     0x08006369   Thumb Code    20  dunder.o(i.__mathlib_dbl_infnan)
    __mathlib_dbl_infnan2                    0x0800637d   Thumb Code    20  dunder.o(i.__mathlib_dbl_infnan2)
    __mathlib_dbl_invalid                    0x08006391   Thumb Code    24  dunder.o(i.__mathlib_dbl_invalid)
    __mathlib_dbl_overflow                   0x080063b1   Thumb Code    24  dunder.o(i.__mathlib_dbl_overflow)
    __mathlib_dbl_underflow                  0x080063d1   Thumb Code    24  dunder.o(i.__mathlib_dbl_underflow)
    __scatterload_copy                       0x080063f1   Thumb Code    14  handlers.o(i.__scatterload_copy)
    __scatterload_null                       0x080063ff   Thumb Code     2  handlers.o(i.__scatterload_null)
    __scatterload_zeroinit                   0x08006401   Thumb Code    14  handlers.o(i.__scatterload_zeroinit)
    __set_errno                              0x08006411   Thumb Code     6  errno.o(i.__set_errno)
    assert_failed                            0x08006cb1   Thumb Code     2  main.o(i.assert_failed)
    atan                                     0x08006cb3   Thumb Code    16  atan.o(i.atan)
    fabs                                     0x08006cc3   Thumb Code    24  fabs.o(i.fabs)
    mA_2_OcdTh                               0x08006cdd   Thumb Code    64  l6470.o(i.mA_2_OcdTh)
    mA_2_StallTh                             0x08006d25   Thumb Code    64  l6470.o(i.mA_2_StallTh)
    main                                     0x08006d6d   Thumb Code   218  main.o(i.main)
    s_Step_2_FnSlpAcc                        0x08006e61   Thumb Code    34  l6470.o(i.s_Step_2_FnSlpAcc)
    s_Step_2_FnSlpDec                        0x08006e8d   Thumb Code    34  l6470.o(i.s_Step_2_FnSlpDec)
    s_Step_2_StSlp                           0x08006eb9   Thumb Code    34  l6470.o(i.s_Step_2_StSlp)
    sqrt                                     0x08006ee5   Thumb Code   110  sqrt.o(i.sqrt)
    which_vector                             0x08006f53   Thumb Code    34  main.o(i.which_vector)
    L6470_Register                           0x08006f74   Data         500  l6470.o(.constdata)
    L6470_ApplicationCommand                 0x08007168   Data         266  l6470.o(.constdata)
    L6470_Direction                          0x08007272   Data          18  l6470.o(.constdata)
    L6470_ACT                                0x08007284   Data          10  l6470.o(.constdata)
    APBAHBPrescTable                         0x0800728e   Data          16  stm32f4xx_hal_rcc.o(.constdata)
    BUTTON_IRQn                              0x0800729e   Data           1  stm32f4xx_nucleo.o(.constdata)
    GPIO_PIN                                 0x080072a0   Data           2  stm32f4xx_nucleo.o(.constdata)
    BUTTON_PIN                               0x080072a2   Data           2  stm32f4xx_nucleo.o(.constdata)
    MotorParameterInitData                   0x080072a4   Data         704  params.o(.constdata)
    __mathlib_zero                           0x08007708   Data           8  qnan.o(.constdata)
    __ctype_table                            0x08007800   Data         129  ctype_o.o(.constdata)
    Region$$Table$$Base                      0x08007a50   Number         0  anon$$obj.o(Region$$Table)
    Region$$Table$$Limit                     0x08007a70   Number         0  anon$$obj.o(Region$$Table)
    L6470Command                             0x20000000   Data         148  l6470.o(.data)
    L6470_DaisyChain_HalfPrepared            0x20000094   Data           1  l6470.o(.data)
    delay_cnt                                0x20000095   Data           1  l6470.o(.data)
    pL6470_StatusRegister                    0x20000098   Data           4  l6470.o(.data)
    L6470_DaisyChainSpiTxStruct              0x2000009c   Data           8  l6470.o(.data)
    L6470_DaisyChainSpiRxStruct              0x200000a4   Data           8  l6470.o(.data)
    L6470_StatusRegister                     0x200000ac   Data           2  l6470.o(.data)
    GPIO_PORT                                0x200000b4   Data           4  stm32f4xx_nucleo.o(.data)
    BUTTON_PORT                              0x200000b8   Data           4  stm32f4xx_nucleo.o(.data)
    SpixTimeout                              0x200000bc   Data           4  stm32f4xx_nucleo.o(.data)
    XNUCLEOIHM02A1Command                    0x200000c0   Data          80  xnucleoihm02a1.o(.data)
    L6470DrvMtx                              0x20000110   Data         480  xnucleoihm02a1.o(.data)
    XNUCLEOIHM02A1Drv                        0x200002f0   Data          96  xnucleoihm02a1.o(.data)
    L6470_nSTBY_nRST_GPIO                    0x20000350   Data          12  xnucleoihm02a1.o(.data)
    L6470_nBUSY_SYNC_GPIO                    0x2000035c   Data          12  xnucleoihm02a1.o(.data)
    L6470_nFLAG_GPIO                         0x20000368   Data          12  xnucleoihm02a1.o(.data)
    L6470_nCS_GPIO_Array                     0x20000374   Data          36  xnucleoihm02a1.o(.data)
    SystemCoreClock                          0x20000398   Data           4  system_stm32f4xx.o(.data)
    L6470_AppCmdPkg                          0x200003a4   Data          32  l6470.o(.bss)
    L6470_nCS_GPIO                           0x200003c4   Data          12  xnucleoihm02a1.o(.bss)
    hadc1                                    0x200003d0   Data          68  xnucleoihm02a1_interface.o(.bss)
    hspi1                                    0x20000414   Data          88  xnucleoihm02a1_interface.o(.bss)
    hspi2                                    0x2000046c   Data          88  xnucleoihm02a1_interface.o(.bss)
    huart1                                   0x200004c4   Data          64  main.o(.bss)
    huart6                                   0x20000504   Data          64  main.o(.bss)
    huart2                                   0x20000544   Data          64  main.o(.bss)
    GPIO_InitStructure                       0x20000584   Data          20  homing.o(.bss)
    __initial_sp                             0x20000998   Data           0  startup_stm32f401xe.o(STACK)



==============================================================================

Memory Map of the image

  Image Entry point : 0x08000195

  Load Region LR_IROM1 (Base: 0x08000000, Size: 0x00007e14, Max: 0x00080000, ABSOLUTE, COMPRESSED[0x00007bb8])

    Execution Region ER_IROM1 (Exec base: 0x08000000, Load base: 0x08000000, Size: 0x00007a70, Max: 0x00080000, ABSOLUTE)

    Exec Addr    Load Addr    Size         Type   Attr      Idx    E Section Name        Object

    0x08000000   0x08000000   0x00000194   Data   RO         4413    RESET               startup_stm32f401xe.o
    0x08000194   0x08000194   0x00000000   Code   RO         4496  * .ARM.Collect$$$$00000000  mc_w.l(entry.o)
    0x08000194   0x08000194   0x00000004   Code   RO         4850    .ARM.Collect$$$$00000001  mc_w.l(entry2.o)
    0x08000198   0x08000198   0x00000004   Code   RO         4853    .ARM.Collect$$$$00000004  mc_w.l(entry5.o)
    0x0800019c   0x0800019c   0x00000000   Code   RO         4855    .ARM.Collect$$$$00000008  mc_w.l(entry7b.o)
    0x0800019c   0x0800019c   0x00000000   Code   RO         4857    .ARM.Collect$$$$0000000A  mc_w.l(entry8b.o)
    0x0800019c   0x0800019c   0x00000008   Code   RO         4858    .ARM.Collect$$$$0000000B  mc_w.l(entry9a.o)
    0x080001a4   0x080001a4   0x00000004   Code   RO         4865    .ARM.Collect$$$$0000000E  mc_w.l(entry12b.o)
    0x080001a8   0x080001a8   0x00000000   Code   RO         4860    .ARM.Collect$$$$0000000F  mc_w.l(entry10a.o)
    0x080001a8   0x080001a8   0x00000000   Code   RO         4862    .ARM.Collect$$$$00000011  mc_w.l(entry11a.o)
    0x080001a8   0x080001a8   0x00000004   Code   RO         4851    .ARM.Collect$$$$00002712  mc_w.l(entry2.o)
    0x080001ac   0x080001ac   0x00000024   Code   RO         4414    .text               startup_stm32f401xe.o
    0x080001d0   0x080001d0   0x00000024   Code   RO         4499    .text               mc_w.l(memseta.o)
    0x080001f4   0x080001f4   0x00000044   Code   RO         4501    .text               mc_w.l(strtok_r.o)
    0x08000238   0x08000238   0x0000001a   Code   RO         4765    .text               mc_w.l(atoi.o)
    0x08000252   0x08000252   0x0000014e   Code   RO         4767    .text               mf_w.l(dadd.o)
    0x080003a0   0x080003a0   0x000000e4   Code   RO         4769    .text               mf_w.l(dmul.o)
    0x08000484   0x08000484   0x000000de   Code   RO         4771    .text               mf_w.l(ddiv.o)
    0x08000562   0x08000562   0x0000001a   Code   RO         4775    .text               mf_w.l(dfltui.o)
    0x0800057c   0x0800057c   0x00000032   Code   RO         4777    .text               mf_w.l(dfixui.o)
    0x080005ae   0x080005ae   0x00000026   Code   RO         4779    .text               mf_w.l(f2d.o)
    0x080005d4   0x080005d4   0x00000030   Code   RO         4781    .text               mf_w.l(cdcmple.o)
    0x08000604   0x08000604   0x00000038   Code   RO         4783    .text               mf_w.l(d2f.o)
    0x0800063c   0x0800063c   0x0000002c   Code   RO         4869    .text               mc_w.l(uidiv.o)
    0x08000668   0x08000668   0x00000062   Code   RO         4871    .text               mc_w.l(uldiv.o)
    0x080006ca   0x080006ca   0x0000001e   Code   RO         4873    .text               mc_w.l(llshl.o)
    0x080006e8   0x080006e8   0x00000020   Code   RO         4875    .text               mc_w.l(llushr.o)
    0x08000708   0x08000708   0x00000024   Code   RO         4877    .text               mc_w.l(llsshr.o)
    0x0800072c   0x0800072c   0x00000070   Code   RO         4886    .text               mc_w.l(strtol.o)
    0x0800079c   0x0800079c   0x00000000   Code   RO         4888    .text               mc_w.l(iusefp.o)
    0x0800079c   0x0800079c   0x0000006e   Code   RO         4889    .text               mf_w.l(fepilogue.o)
    0x0800080a   0x0800080a   0x000000ba   Code   RO         4891    .text               mf_w.l(depilogue.o)
    0x080008c4   0x080008c4   0x0000002e   Code   RO         4893    .text               mf_w.l(dscalb.o)
    0x080008f2   0x080008f2   0x00000022   Code   RO         4895    .text               mf_w.l(dflti.o)
    0x08000914   0x08000914   0x00000030   Code   RO         4897    .text               mf_w.l(dfixul.o)
    0x08000944   0x08000944   0x00000030   Code   RO         4899    .text               mf_w.l(cdrcmple.o)
    0x08000974   0x08000974   0x00000024   Code   RO         4901    .text               mc_w.l(init.o)
    0x08000998   0x08000998   0x00000008   Code   RO         4904    .text               mc_w.l(ctype_o.o)
    0x080009a0   0x080009a0   0x0000009e   Code   RO         4932    .text               mc_w.l(_strtoul.o)
    0x08000a3e   0x08000a3e   0x000000a2   Code   RO         4935    .text               mf_w.l(dsqrt.o)
    0x08000ae0   0x08000ae0   0x0000003e   Code   RO         4937    .text               mf_w.l(dfixi.o)
    0x08000b1e   0x08000b1e   0x0000001c   Code   RO         4939    .text               mc_w.l(_chval.o)
    0x08000b3a   0x08000b3a   0x00000056   Code   RO         4949    .text               mc_w.l(__dczerorl2.o)
    0x08000b90   0x08000b90   0x0000000c   Code   RO         3505    i.BSP_0_Config      xnucleoihm02a1.o
    0x08000b9c   0x08000b9c   0x0000000c   Code   RO         3506    i.BSP_1_Config      xnucleoihm02a1.o
    0x08000ba8   0x08000ba8   0x0000000c   Code   RO         3507    i.BSP_2_Config      xnucleoihm02a1.o
    0x08000bb4   0x08000bb4   0x0000000c   Code   RO         3508    i.BSP_3_Config      xnucleoihm02a1.o
    0x08000bc0   0x08000bc0   0x00000022   Code   RO         3509    i.BSP_Config        xnucleoihm02a1.o
    0x08000be2   0x08000be2   0x00000002   PAD
    0x08000be4   0x08000be4   0x0000004c   Code   RO         3511    i.BSP_GetExpansionBoardHandle  xnucleoihm02a1.o
    0x08000c30   0x08000c30   0x00000026   Code   RO         3512    i.BSP_IRQ           xnucleoihm02a1.o
    0x08000c56   0x08000c56   0x0000001e   Code   RO         3513    i.BSP_Init          xnucleoihm02a1.o
    0x08000c74   0x08000c74   0x0000000c   Code   RO         3514    i.BSP_L6470_0_0_Config  xnucleoihm02a1.o
    0x08000c80   0x08000c80   0x0000000c   Code   RO         3515    i.BSP_L6470_0_1_Config  xnucleoihm02a1.o
    0x08000c8c   0x08000c8c   0x0000000c   Code   RO         3516    i.BSP_L6470_1_0_Config  xnucleoihm02a1.o
    0x08000c98   0x08000c98   0x0000000c   Code   RO         3517    i.BSP_L6470_1_1_Config  xnucleoihm02a1.o
    0x08000ca4   0x08000ca4   0x0000000c   Code   RO         3518    i.BSP_L6470_2_0_Config  xnucleoihm02a1.o
    0x08000cb0   0x08000cb0   0x0000000c   Code   RO         3519    i.BSP_L6470_2_1_Config  xnucleoihm02a1.o
    0x08000cbc   0x08000cbc   0x0000000c   Code   RO         3520    i.BSP_L6470_3_0_Config  xnucleoihm02a1.o
    0x08000cc8   0x08000cc8   0x0000000c   Code   RO         3521    i.BSP_L6470_3_1_Config  xnucleoihm02a1.o
    0x08000cd4   0x08000cd4   0x0000001c   Code   RO         3523    i.BSP_L6470_CheckStatusRegisterFlag  xnucleoihm02a1.o
    0x08000cf0   0x08000cf0   0x0000001c   Code   RO         3525    i.BSP_L6470_GetParam  xnucleoihm02a1.o
    0x08000d0c   0x08000d0c   0x00000018   Code   RO         3526    i.BSP_L6470_GetStatus  xnucleoihm02a1.o
    0x08000d24   0x08000d24   0x00000018   Code   RO         3527    i.BSP_L6470_GoHome  xnucleoihm02a1.o
    0x08000d3c   0x08000d3c   0x00000018   Code   RO         3528    i.BSP_L6470_GoMark  xnucleoihm02a1.o
    0x08000d54   0x08000d54   0x0000001c   Code   RO         3529    i.BSP_L6470_GoTo    xnucleoihm02a1.o
    0x08000d70   0x08000d70   0x00000020   Code   RO         3530    i.BSP_L6470_GoToDir  xnucleoihm02a1.o
    0x08000d90   0x08000d90   0x00000028   Code   RO         3531    i.BSP_L6470_GoUntil  xnucleoihm02a1.o
    0x08000db8   0x08000db8   0x00000018   Code   RO         3532    i.BSP_L6470_HardHiZ  xnucleoihm02a1.o
    0x08000dd0   0x08000dd0   0x00000018   Code   RO         3533    i.BSP_L6470_HardStop  xnucleoihm02a1.o
    0x08000de8   0x08000de8   0x0000007c   Code   RO         3534    i.BSP_L6470_Init    xnucleoihm02a1.o
    0x08000e64   0x08000e64   0x00000020   Code   RO         3535    i.BSP_L6470_Move    xnucleoihm02a1.o
    0x08000e84   0x08000e84   0x00000020   Code   RO         3537    i.BSP_L6470_ReleaseSW  xnucleoihm02a1.o
    0x08000ea4   0x08000ea4   0x00000018   Code   RO         3538    i.BSP_L6470_ResetDevice  xnucleoihm02a1.o
    0x08000ebc   0x08000ebc   0x00000018   Code   RO         3539    i.BSP_L6470_ResetPos  xnucleoihm02a1.o
    0x08000ed4   0x08000ed4   0x00000020   Code   RO         3540    i.BSP_L6470_Run     xnucleoihm02a1.o
    0x08000ef4   0x08000ef4   0x00000020   Code   RO         3541    i.BSP_L6470_SetParam  xnucleoihm02a1.o
    0x08000f14   0x08000f14   0x00000018   Code   RO         3542    i.BSP_L6470_SoftHiZ  xnucleoihm02a1.o
    0x08000f2c   0x08000f2c   0x00000018   Code   RO         3543    i.BSP_L6470_SoftStop  xnucleoihm02a1.o
    0x08000f44   0x08000f44   0x0000001c   Code   RO         3544    i.BSP_L6470_StepClock  xnucleoihm02a1.o
    0x08000f60   0x08000f60   0x0000001c   Code   RO         3344    i.BSP_LED_On        stm32f4xx_nucleo.o
    0x08000f7c   0x08000f7c   0x000000d0   Code   RO         3545    i.BSP_NUCLEO_GPIO_Init  xnucleoihm02a1.o
    0x0800104c   0x0800104c   0x00000030   Code   RO         3546    i.BSP_Select        xnucleoihm02a1.o
    0x0800107c   0x0800107c   0x00000008   Code   RO         3547    i.EXPBRD_ID         xnucleoihm02a1.o
    0x08001084   0x08001084   0x00000006   Code   RO         3934    i.EXTI0_IRQHandler  stm32f4xx_it.o
    0x0800108a   0x0800108a   0x00000008   Code   RO         3935    i.EXTI15_10_IRQHandler  stm32f4xx_it.o
    0x08001092   0x08001092   0x00000006   Code   RO         3936    i.EXTI1_IRQHandler  stm32f4xx_it.o
    0x08001098   0x08001098   0x00000024   Code   RO         3937    i.EXTI4_IRQHandler  stm32f4xx_it.o
    0x080010bc   0x080010bc   0x00000008   Code   RO         4139    i.Error_Handler     main.o
    0x080010c4   0x080010c4   0x00000008   Code   RO         4121    i.GetMotorParameterInitData  params.o
    0x080010cc   0x080010cc   0x00000002   Code   RO         1329    i.HAL_GPIO_EXTI_Callback  stm32f4xx_hal_gpio.o
    0x080010ce   0x080010ce   0x00000002   PAD
    0x080010d0   0x080010d0   0x00000018   Code   RO         1330    i.HAL_GPIO_EXTI_IRQHandler  stm32f4xx_hal_gpio.o
    0x080010e8   0x080010e8   0x000002c0   Code   RO         1331    i.HAL_GPIO_Init     stm32f4xx_hal_gpio.o
    0x080013a8   0x080013a8   0x00000058   Code   RO         1333    i.HAL_GPIO_ReadPin  stm32f4xx_hal_gpio.o
    0x08001400   0x08001400   0x0000006c   Code   RO         1335    i.HAL_GPIO_WritePin  stm32f4xx_hal_gpio.o
    0x0800146c   0x0800146c   0x0000000c   Code   RO          797    i.HAL_GetTick       stm32f4xx_hal.o
    0x08001478   0x08001478   0x00000010   Code   RO          798    i.HAL_IncTick       stm32f4xx_hal.o
    0x08001488   0x08001488   0x00000034   Code   RO          799    i.HAL_Init          stm32f4xx_hal.o
    0x080014bc   0x080014bc   0x00000022   Code   RO          800    i.HAL_InitTick      stm32f4xx_hal.o
    0x080014de   0x080014de   0x00000016   Code   RO         3876    i.HAL_MspInit       stm32f4xx_hal_msp.o
    0x080014f4   0x080014f4   0x00000064   Code   RO         1037    i.HAL_NVIC_DisableIRQ  stm32f4xx_hal_cortex.o
    0x08001558   0x08001558   0x00000064   Code   RO         1038    i.HAL_NVIC_EnableIRQ  stm32f4xx_hal_cortex.o
    0x080015bc   0x080015bc   0x000000a0   Code   RO         1044    i.HAL_NVIC_SetPriority  stm32f4xx_hal_cortex.o
    0x0800165c   0x0800165c   0x00000084   Code   RO         1045    i.HAL_NVIC_SetPriorityGrouping  stm32f4xx_hal_cortex.o
    0x080016e0   0x080016e0   0x00000034   Code   RO          685    i.HAL_RCC_GetHCLKFreq  stm32f4xx_hal_rcc.o
    0x08001714   0x08001714   0x0000002c   Code   RO          687    i.HAL_RCC_GetPCLK1Freq  stm32f4xx_hal_rcc.o
    0x08001740   0x08001740   0x0000002c   Code   RO          688    i.HAL_RCC_GetPCLK2Freq  stm32f4xx_hal_rcc.o
    0x0800176c   0x0800176c   0x00000070   Code   RO          689    i.HAL_RCC_GetSysClockFreq  stm32f4xx_hal_rcc.o
    0x080017dc   0x080017dc   0x000001a4   Code   RO         1485    i.HAL_SPI_Init      stm32f4xx_hal_spi.o
    0x08001980   0x08001980   0x000000c0   Code   RO         3878    i.HAL_SPI_MspInit   stm32f4xx_hal_msp.o
    0x08001a40   0x08001a40   0x00000300   Code   RO         1494    i.HAL_SPI_TransmitReceive  stm32f4xx_hal_spi.o
    0x08001d40   0x08001d40   0x00000002   Code   RO         1048    i.HAL_SYSTICK_Callback  stm32f4xx_hal_cortex.o
    0x08001d42   0x08001d42   0x00000028   Code   RO         1049    i.HAL_SYSTICK_Config  stm32f4xx_hal_cortex.o
    0x08001d6a   0x08001d6a   0x00000008   Code   RO         1050    i.HAL_SYSTICK_IRQHandler  stm32f4xx_hal_cortex.o
    0x08001d72   0x08001d72   0x00000002   Code   RO         1853    i.HAL_UART_ErrorCallback  stm32f4xx_hal_uart.o
    0x08001d74   0x08001d74   0x00000108   Code   RO         1856    i.HAL_UART_IRQHandler  stm32f4xx_hal_uart.o
    0x08001e7c   0x08001e7c   0x00000120   Code   RO         1857    i.HAL_UART_Init     stm32f4xx_hal_uart.o
    0x08001f9c   0x08001f9c   0x000000d0   Code   RO         3880    i.HAL_UART_MspInit  stm32f4xx_hal_msp.o
    0x0800206c   0x0800206c   0x000000a6   Code   RO         1860    i.HAL_UART_Receive  stm32f4xx_hal_uart.o
    0x08002112   0x08002112   0x00000002   Code   RO         1863    i.HAL_UART_RxCpltCallback  stm32f4xx_hal_uart.o
    0x08002114   0x08002114   0x000000c8   Code   RO         1865    i.HAL_UART_Transmit  stm32f4xx_hal_uart.o
    0x080021dc   0x080021dc   0x00000002   Code   RO         1868    i.HAL_UART_TxCpltCallback  stm32f4xx_hal_uart.o
    0x080021de   0x080021de   0x00000002   PAD
    0x080021e0   0x080021e0   0x000003e8   Code   RO         4332    i.Home_Arm          homing.o
    0x080025c8   0x080025c8   0x0000008c   Code   RO           11    i.L6470_CheckStatusRegisterFlag  l6470.o
    0x08002654   0x08002654   0x00000210   Code   RO           12    i.L6470_Config      l6470.o
    0x08002864   0x08002864   0x00000070   Code   RO           13    i.L6470_DaisyChainCommand  l6470.o
    0x080028d4   0x080028d4   0x00000020   Code   RO           14    i.L6470_ExtractReturnedData  l6470.o
    0x080028f4   0x080028f4   0x00000014   Code   RO           15    i.L6470_FillAppCmdPkg  l6470.o
    0x08002908   0x08002908   0x00000050   Code   RO           16    i.L6470_GetParam    l6470.o
    0x08002958   0x08002958   0x00000040   Code   RO           18    i.L6470_GetStatus   l6470.o
    0x08002998   0x08002998   0x00000030   Code   RO           19    i.L6470_GoHome      l6470.o
    0x080029c8   0x080029c8   0x00000030   Code   RO           20    i.L6470_GoMark      l6470.o
    0x080029f8   0x080029f8   0x00000038   Code   RO           21    i.L6470_GoTo        l6470.o
    0x08002a30   0x08002a30   0x00000038   Code   RO           22    i.L6470_GoToDir     l6470.o
    0x08002a68   0x08002a68   0x00000030   Code   RO           23    i.L6470_GoUntil     l6470.o
    0x08002a98   0x08002a98   0x00000030   Code   RO           24    i.L6470_HardHiZ     l6470.o
    0x08002ac8   0x08002ac8   0x00000030   Code   RO           25    i.L6470_HardStop    l6470.o
    0x08002af8   0x08002af8   0x0000000c   Code   RO           26    i.L6470_ID          l6470.o
    0x08002b04   0x08002b04   0x00000030   Code   RO           27    i.L6470_Move        l6470.o
    0x08002b34   0x08002b34   0x00000024   Code   RO           28    i.L6470_PerformPreparedApplicationCommand  l6470.o
    0x08002b58   0x08002b58   0x00000038   Code   RO           29    i.L6470_PrepareAppCmdPkg  l6470.o
    0x08002b90   0x08002b90   0x000001b8   Code   RO           30    i.L6470_PrepareDaisyChainCommand  l6470.o
    0x08002d48   0x08002d48   0x00000018   Code   RO           31    i.L6470_PrepareGetParam  l6470.o
    0x08002d60   0x08002d60   0x00000018   Code   RO           32    i.L6470_PrepareGetStatus  l6470.o
    0x08002d78   0x08002d78   0x00000018   Code   RO           33    i.L6470_PrepareGoHome  l6470.o
    0x08002d90   0x08002d90   0x00000018   Code   RO           34    i.L6470_PrepareGoMark  l6470.o
    0x08002da8   0x08002da8   0x00000018   Code   RO           35    i.L6470_PrepareGoTo  l6470.o
    0x08002dc0   0x08002dc0   0x00000018   Code   RO           36    i.L6470_PrepareGoToDir  l6470.o
    0x08002dd8   0x08002dd8   0x00000018   Code   RO           37    i.L6470_PrepareGoUntil  l6470.o
    0x08002df0   0x08002df0   0x00000018   Code   RO           38    i.L6470_PrepareHardHiZ  l6470.o
    0x08002e08   0x08002e08   0x00000018   Code   RO           39    i.L6470_PrepareHardStop  l6470.o
    0x08002e20   0x08002e20   0x00000018   Code   RO           40    i.L6470_PrepareMove  l6470.o
    0x08002e38   0x08002e38   0x00000018   Code   RO           41    i.L6470_PrepareReleaseSW  l6470.o
    0x08002e50   0x08002e50   0x00000018   Code   RO           42    i.L6470_PrepareResetDevice  l6470.o
    0x08002e68   0x08002e68   0x00000018   Code   RO           43    i.L6470_PrepareResetPos  l6470.o
    0x08002e80   0x08002e80   0x00000018   Code   RO           44    i.L6470_PrepareRun  l6470.o
    0x08002e98   0x08002e98   0x00000018   Code   RO           45    i.L6470_PrepareSetParam  l6470.o
    0x08002eb0   0x08002eb0   0x00000018   Code   RO           46    i.L6470_PrepareSoftHiZ  l6470.o
    0x08002ec8   0x08002ec8   0x00000018   Code   RO           47    i.L6470_PrepareSoftStop  l6470.o
    0x08002ee0   0x08002ee0   0x00000018   Code   RO           48    i.L6470_PrepareStepClock  l6470.o
    0x08002ef8   0x08002ef8   0x00000030   Code   RO           49    i.L6470_ReleaseSW   l6470.o
    0x08002f28   0x08002f28   0x0000001a   Code   RO           50    i.L6470_ResetAppCmdPkg  l6470.o
    0x08002f42   0x08002f42   0x00000002   PAD
    0x08002f44   0x08002f44   0x00000030   Code   RO           51    i.L6470_ResetDevice  l6470.o
    0x08002f74   0x08002f74   0x00000030   Code   RO           52    i.L6470_ResetPos    l6470.o
    0x08002fa4   0x08002fa4   0x00000030   Code   RO           53    i.L6470_Run         l6470.o
    0x08002fd4   0x08002fd4   0x00000030   Code   RO           54    i.L6470_SetParam    l6470.o
    0x08003004   0x08003004   0x00000030   Code   RO           55    i.L6470_SoftHiZ     l6470.o
    0x08003034   0x08003034   0x00000030   Code   RO           56    i.L6470_SoftStop    l6470.o
    0x08003064   0x08003064   0x00000030   Code   RO           57    i.L6470_StepClock   l6470.o
    0x08003094   0x08003094   0x0000008c   Code   RO         3798    i.MX_SPI1_Init      xnucleoihm02a1_interface.o
    0x08003120   0x08003120   0x00000034   Code   RO         4141    i.MX_USART2_UART_Init  main.o
    0x08003154   0x08003154   0x000008a8   Code   RO         4143    i.MoveNextPoint2    main.o
    0x080039fc   0x080039fc   0x00000012   Code   RO         3802    i.NUCLEO_Board_Init  xnucleoihm02a1_interface.o
    0x08003a0e   0x08003a0e   0x00000020   Code   RO         1051    i.NVIC_SetPriority  stm32f4xx_hal_cortex.o
    0x08003a2e   0x08003a2e   0x0000009e   Code   RO         1516    i.SPI_WaitOnFlagUntilTimeout  stm32f4xx_hal_spi.o
    0x08003acc   0x08003acc   0x00000014   Code   RO         4147    i.SerialPutc2       main.o
    0x08003ae0   0x08003ae0   0x00000014   Code   RO         4149    i.SerialPuts2       main.o
    0x08003af4   0x08003af4   0x0000002c   Code   RO           65    i.Step_s2_2_Acc     l6470.o
    0x08003b20   0x08003b20   0x0000002c   Code   RO           66    i.Step_s2_2_Dec     l6470.o
    0x08003b4c   0x08003b4c   0x00000034   Code   RO           67    i.Step_s_2_FsSpd    l6470.o
    0x08003b80   0x08003b80   0x0000002c   Code   RO           68    i.Step_s_2_IntSpeed  l6470.o
    0x08003bac   0x08003bac   0x0000002c   Code   RO           69    i.Step_s_2_MaxSpeed  l6470.o
    0x08003bd8   0x08003bd8   0x0000002c   Code   RO           70    i.Step_s_2_MinSpeed  l6470.o
    0x08003c04   0x08003c04   0x0000000e   Code   RO         3938    i.SysTick_Handler   stm32f4xx_it.o
    0x08003c12   0x08003c12   0x00000002   PAD
    0x08003c14   0x08003c14   0x00000048   Code   RO         3803    i.SystemClock_Config  xnucleoihm02a1_interface.o
    0x08003c5c   0x08003c5c   0x00000054   Code   RO         4378    i.SystemInit        system_stm32f4xx.o
    0x08003cb0   0x08003cb0   0x000003f8   Code   RO         4151    i.TrajectoryPlanning  main.o
    0x080040a8   0x080040a8   0x000000a6   Code   RO         1875    i.UART_Receive_IT   stm32f4xx_hal_uart.o
    0x0800414e   0x0800414e   0x00000002   PAD
    0x08004150   0x08004150   0x0000020c   Code   RO         1876    i.UART_SetConfig    stm32f4xx_hal_uart.o
    0x0800435c   0x0800435c   0x00000066   Code   RO         1877    i.UART_Transmit_IT  stm32f4xx_hal_uart.o
    0x080043c2   0x080043c2   0x00000092   Code   RO         1878    i.UART_WaitOnFlagUntilTimeout  stm32f4xx_hal_uart.o
    0x08004454   0x08004454   0x0000000c   Code   RO         3939    i.USART1_IRQHandler  stm32f4xx_it.o
    0x08004460   0x08004460   0x00000018   Code   RO         3940    i.USART2_IRQHandler  stm32f4xx_it.o
    0x08004478   0x08004478   0x00000068   Code   RO         4008    i.USART_ITCharManager  example_usart.o
    0x080044e0   0x080044e0   0x00000016   Code   RO         4012    i.USART_Transmit    example_usart.o
    0x080044f6   0x080044f6   0x00000002   PAD
    0x080044f8   0x080044f8   0x00000028   Code   RO         4739    i.__0sprintf        mc_w.l(printfa.o)
    0x08004520   0x08004520   0x00000030   Code   RO         4822    i.__ARM_fpclassify  m_wm.l(fpclassify.o)
    0x08004550   0x08004550   0x00000008   Code   RO         4879    i.__aeabi_errno_addr  mc_w.l(errno.o)
    0x08004558   0x08004558   0x00000358   Code   RO         4418    i.__hardfp_acos     m_wm.l(acos.o)
    0x080048b0   0x080048b0   0x000002d8   Code   RO         4785    i.__hardfp_atan     m_wm.l(atan.o)
    0x08004b88   0x08004b88   0x00000200   Code   RO         4446    i.__hardfp_atan2    m_wm.l(atan2.o)
    0x08004d88   0x08004d88   0x000000c8   Code   RO         4458    i.__hardfp_cos      m_wm.l(cos.o)
    0x08004e50   0x08004e50   0x00000c50   Code   RO         4470    i.__hardfp_pow      m_wm.l(pow.o)
    0x08005aa0   0x08005aa0   0x000000c8   Code   RO         4484    i.__hardfp_sin      m_wm.l(sin.o)
    0x08005b68   0x08005b68   0x00000438   Code   RO         4827    i.__ieee754_rem_pio2  m_wm.l(rred.o)
    0x08005fa0   0x08005fa0   0x00000170   Code   RO         4799    i.__kernel_cos      m_wm.l(cos_i.o)
    0x08006110   0x08006110   0x000000f8   Code   RO         4824    i.__kernel_poly     m_wm.l(poly.o)
    0x08006208   0x08006208   0x00000130   Code   RO         4832    i.__kernel_sin      m_wm.l(sin_i.o)
    0x08006338   0x08006338   0x00000030   Code   RO         4802    i.__mathlib_dbl_divzero  m_wm.l(dunder.o)
    0x08006368   0x08006368   0x00000014   Code   RO         4803    i.__mathlib_dbl_infnan  m_wm.l(dunder.o)
    0x0800637c   0x0800637c   0x00000014   Code   RO         4804    i.__mathlib_dbl_infnan2  m_wm.l(dunder.o)
    0x08006390   0x08006390   0x00000020   Code   RO         4805    i.__mathlib_dbl_invalid  m_wm.l(dunder.o)
    0x080063b0   0x080063b0   0x00000020   Code   RO         4806    i.__mathlib_dbl_overflow  m_wm.l(dunder.o)
    0x080063d0   0x080063d0   0x00000020   Code   RO         4808    i.__mathlib_dbl_underflow  m_wm.l(dunder.o)
    0x080063f0   0x080063f0   0x0000000e   Code   RO         4943    i.__scatterload_copy  mc_w.l(handlers.o)
    0x080063fe   0x080063fe   0x00000002   Code   RO         4944    i.__scatterload_null  mc_w.l(handlers.o)
    0x08006400   0x08006400   0x0000000e   Code   RO         4945    i.__scatterload_zeroinit  mc_w.l(handlers.o)
    0x0800640e   0x0800640e   0x00000002   PAD
    0x08006410   0x08006410   0x0000000c   Code   RO         4881    i.__set_errno       mc_w.l(errno.o)
    0x0800641c   0x0800641c   0x00000184   Code   RO         4744    i._fp_digits        mc_w.l(printfa.o)
    0x080065a0   0x080065a0   0x000006b4   Code   RO         4745    i._printf_core      mc_w.l(printfa.o)
    0x08006c54   0x08006c54   0x00000024   Code   RO         4746    i._printf_post_padding  mc_w.l(printfa.o)
    0x08006c78   0x08006c78   0x0000002e   Code   RO         4747    i._printf_pre_padding  mc_w.l(printfa.o)
    0x08006ca6   0x08006ca6   0x0000000a   Code   RO         4749    i._sputc            mc_w.l(printfa.o)
    0x08006cb0   0x08006cb0   0x00000002   Code   RO         4152    i.assert_failed     main.o
    0x08006cb2   0x08006cb2   0x00000010   Code   RO         4787    i.atan              m_wm.l(atan.o)
    0x08006cc2   0x08006cc2   0x00000018   Code   RO         4818    i.fabs              m_wm.l(fabs.o)
    0x08006cda   0x08006cda   0x00000002   PAD
    0x08006cdc   0x08006cdc   0x00000048   Code   RO           72    i.mA_2_OcdTh        l6470.o
    0x08006d24   0x08006d24   0x00000048   Code   RO           73    i.mA_2_StallTh      l6470.o
    0x08006d6c   0x08006d6c   0x000000f4   Code   RO         4153    i.main              main.o
    0x08006e60   0x08006e60   0x0000002c   Code   RO           74    i.s_Step_2_FnSlpAcc  l6470.o
    0x08006e8c   0x08006e8c   0x0000002c   Code   RO           75    i.s_Step_2_FnSlpDec  l6470.o
    0x08006eb8   0x08006eb8   0x0000002c   Code   RO           76    i.s_Step_2_StSlp    l6470.o
    0x08006ee4   0x08006ee4   0x0000006e   Code   RO         4840    i.sqrt              m_wm.l(sqrt.o)
    0x08006f52   0x08006f52   0x00000022   Code   RO         4154    i.which_vector      main.o
    0x08006f74   0x08006f74   0x0000031a   Data   RO           78    .constdata          l6470.o
    0x0800728e   0x0800728e   0x00000010   Data   RO          693    .constdata          stm32f4xx_hal_rcc.o
    0x0800729e   0x0800729e   0x00000006   Data   RO         3364    .constdata          stm32f4xx_nucleo.o
    0x080072a4   0x080072a4   0x000002c0   Data   RO         4122    .constdata          params.o
    0x08007564   0x08007564   0x00000004   PAD
    0x08007568   0x08007568   0x00000050   Data   RO         4421    .constdata          m_wm.l(acos.o)
    0x080075b8   0x080075b8   0x00000088   Data   RO         4473    .constdata          m_wm.l(pow.o)
    0x08007640   0x08007640   0x00000098   Data   RO         4788    .constdata          m_wm.l(atan.o)
    0x080076d8   0x080076d8   0x00000030   Data   RO         4800    .constdata          m_wm.l(cos_i.o)
    0x08007708   0x08007708   0x00000008   Data   RO         4826    .constdata          m_wm.l(qnan.o)
    0x08007710   0x08007710   0x000000c8   Data   RO         4829    .constdata          m_wm.l(rred.o)
    0x080077d8   0x080077d8   0x00000028   Data   RO         4833    .constdata          m_wm.l(sin_i.o)
    0x08007800   0x08007800   0x00000081   Data   RO         4905    .constdata          mc_w.l(ctype_o.o)
    0x08007881   0x08007881   0x00000003   PAD
    0x08007884   0x08007884   0x00000004   Data   RO         4906    .constdata          mc_w.l(ctype_o.o)
    0x08007888   0x08007888   0x000001c6   Data   RO         4162    .conststring        main.o
    0x08007a4e   0x08007a4e   0x00000002   PAD
    0x08007a50   0x08007a50   0x00000020   Data   RO         4941    Region$$Table       anon$$obj.o


    Execution Region RW_IRAM1 (Exec base: 0x20000000, Load base: 0x08007a70, Size: 0x00000998, Max: 0x00018000, ABSOLUTE, COMPRESSED[0x00000148])

    Exec Addr    Load Addr    Size         Type   Attr      Idx    E Section Name        Object

    0x20000000   COMPRESSED   0x00000094   Data   RW           79    .data               l6470.o
    0x20000094   COMPRESSED   0x00000018   Data   RW           80    .data               l6470.o
    0x200000ac   COMPRESSED   0x00000002   Data   RW           81    .data               l6470.o
    0x200000ae   COMPRESSED   0x00000002   PAD
    0x200000b0   COMPRESSED   0x00000004   Data   RW          805    .data               stm32f4xx_hal.o
    0x200000b4   COMPRESSED   0x0000000c   Data   RW         3365    .data               stm32f4xx_nucleo.o
    0x200000c0   COMPRESSED   0x00000050   Data   RW         3550    .data               xnucleoihm02a1.o
    0x20000110   COMPRESSED   0x00000288   Data   RW         3551    .data               xnucleoihm02a1.o
    0x20000398   COMPRESSED   0x00000004   Data   RW         4380    .data               system_stm32f4xx.o
    0x2000039c   COMPRESSED   0x00000004   Data   RW         4502    .data               mc_w.l(strtok_r.o)
    0x200003a0   COMPRESSED   0x00000004   Data   RW         4882    .data               mc_w.l(errno.o)
    0x200003a4        -       0x00000020   Zero   RW           77    .bss                l6470.o
    0x200003c4        -       0x0000000c   Zero   RW         3548    .bss                xnucleoihm02a1.o
    0x200003d0        -       0x000000f4   Zero   RW         3805    .bss                xnucleoihm02a1_interface.o
    0x200004c4        -       0x00000040   Zero   RW         4155    .bss                main.o
    0x20000504        -       0x00000080   Zero   RW         4156    .bss                main.o
    0x20000584        -       0x00000014   Zero   RW         4334    .bss                homing.o
    0x20000598        -       0x00000400   Zero   RW         4411    STACK               startup_stm32f401xe.o


==============================================================================

Image component sizes


      Code (inc. data)   RO Data    RW Data    ZI Data      Debug   Object Name

       126          6          0          0          0       3104   example_usart.o
      1000         50          0          0         20       3442   homing.o
      3310        400        794        174         32     308857   l6470.o
      3612        552        454          0        192      10900   main.o
         8          4        704          0          0       1265   params.o
        36          8        404          0       1024        920   startup_stm32f401xe.o
       114         16          0          4          0       4058   stm32f4xx_hal.o
       574        270          0          0          0      32657   stm32f4xx_hal_cortex.o
       926        250          0          0          0       5135   stm32f4xx_hal_gpio.o
       422         40          0          0          0       2983   stm32f4xx_hal_msp.o
       252         38         16          0          0       3941   stm32f4xx_hal_rcc.o
      1346        120          0          0          0       4225   stm32f4xx_hal_spi.o
      1862        146          0          0          0      10814   stm32f4xx_hal_uart.o
       106         16          0          0          0       4090   stm32f4xx_it.o
        28         10          6         12          0       2706   stm32f4xx_nucleo.o
        84         18          0          4          0       1573   system_stm32f4xx.o
      1238         84          0        728         12      32867   xnucleoihm02a1.o
       230         22          0          0        244       3535   xnucleoihm02a1_interface.o

    ----------------------------------------------------------------------
     15288       2050       2416        924       1524     437072   Object Totals
         0          0         32          0          0          0   (incl. Generated)
        14          0          6          2          0          0   (incl. Padding)

    ----------------------------------------------------------------------

      Code (inc. data)   RO Data    RW Data    ZI Data      Debug   Library Member Name

       856        118         80          0          0        288   acos.o
       744        106        152          0          0        352   atan.o
       512         64          0          0          0        208   atan2.o
       200         20          0          0          0        164   cos.o
       368         46         48          0          0        200   cos_i.o
       184         44          0          0          0        744   dunder.o
        24          0          0          0          0        124   fabs.o
        48          0          0          0          0        124   fpclassify.o
       248          0          0          0          0        152   poly.o
      3152        296        136          0          0        352   pow.o
         0          0          8          0          0          0   qnan.o
      1080        142        200          0          0        188   rred.o
       200         20          0          0          0        164   sin.o
       304         24         40          0          0        208   sin_i.o
       110          0          0          0          0        148   sqrt.o
        86          0          0          0          0          0   __dczerorl2.o
        28          0          0          0          0         68   _chval.o
       158          0          0          0          0         92   _strtoul.o
        26          0          0          0          0         80   atoi.o
         8          4        133          0          0         68   ctype_o.o
         0          0          0          0          0          0   entry.o
         0          0          0          0          0          0   entry10a.o
         0          0          0          0          0          0   entry11a.o
         4          0          0          0          0          0   entry12b.o
         8          4          0          0          0          0   entry2.o
         4          0          0          0          0          0   entry5.o
         0          0          0          0          0          0   entry7b.o
         0          0          0          0          0          0   entry8b.o
         8          4          0          0          0          0   entry9a.o
        20         10          0          4          0        136   errno.o
        30          0          0          0          0          0   handlers.o
        36          8          0          0          0         68   init.o
         0          0          0          0          0          0   iusefp.o
        30          0          0          0          0         68   llshl.o
        36          0          0          0          0         68   llsshr.o
        32          0          0          0          0         68   llushr.o
        36          0          0          0          0        108   memseta.o
      2236         86          0          0          0        532   printfa.o
        68          4          0          4          0         96   strtok_r.o
       112          0          0          0          0         88   strtol.o
        44          0          0          0          0         80   uidiv.o
        98          0          0          0          0         92   uldiv.o
        48          0          0          0          0         68   cdcmple.o
        48          0          0          0          0         68   cdrcmple.o
        56          0          0          0          0         88   d2f.o
       334          0          0          0          0        148   dadd.o
       222          0          0          0          0        100   ddiv.o
       186          0          0          0          0        176   depilogue.o
        62          0          0          0          0         80   dfixi.o
        50          0          0          0          0         76   dfixui.o
        48          0          0          0          0         68   dfixul.o
        34          0          0          0          0         76   dflti.o
        26          0          0          0          0         76   dfltui.o
       228          0          0          0          0         96   dmul.o
        46          0          0          0          0         80   dscalb.o
       162          0          0          0          0        100   dsqrt.o
        38          0          0          0          0         68   f2d.o
       110          0          0          0          0        168   fepilogue.o

    ----------------------------------------------------------------------
     12840       1000        800          8          0       6664   Library Totals
         4          0          3          0          0          0   (incl. Padding)

    ----------------------------------------------------------------------

      Code (inc. data)   RO Data    RW Data    ZI Data      Debug   Library Name

      8030        880        664          0          0       3416   m_wm.l
      3108        120        133          8          0       1712   mc_w.l
      1698          0          0          0          0       1536   mf_w.l

    ----------------------------------------------------------------------
     12840       1000        800          8          0       6664   Library Totals

    ----------------------------------------------------------------------

==============================================================================


      Code (inc. data)   RO Data    RW Data    ZI Data      Debug   

     28128       3050       3216        932       1524     425204   Grand Totals
     28128       3050       3216        328       1524     425204   ELF Image Totals (compressed)
     28128       3050       3216        328          0          0   ROM Totals

==============================================================================

    Total RO  Size (Code + RO Data)                31344 (  30.61kB)
    Total RW  Size (RW Data + ZI Data)              2456 (   2.40kB)
    Total ROM Size (Code + RO Data + RW Data)      31672 (  30.93kB)

==============================================================================

